self-check passed: edges 349/350/418/419 (n 1,920) and 78/79/113/114 (n 480); untrusted rule; Supporter turns
# Floor check: brew-07-hoopa-darkrai-sableye

**Verdict: clears the floor.** 1177 wins in 1920 games (61.30%) against the 8 lists in decks/screen/opponents. Bar 20% with the screen's own noise ±1.79 points at this n: 349 wins or fewer fail, 350-418 are borderline, 419 or more clear the floor.
Flagged cards (the bot is known not to price them fully): Mega Sableye ex as attacker: used on 1089 of 1202 opportunities (90.6%). A share under 25% of at least 20 opportunities is a flag for a person to look at.
Written: /mnt/c/Users/dacz8/Projects/Pocket Deck Sim/PocketDeckSim/rl/results/floor_brews_2026-09-28/brew-07-hoopa-darkrai-sableye.md
self-check passed: edges 349/350/418/419 (n 1,920) and 78/79/113/114 (n 480); untrusted rule; Supporter turns
# Floor check: brew-08-entei-rainbow-cave

**Verdict: clears the floor.** 1040 wins in 1920 games (54.17%) against the 8 lists in decks/screen/opponents. Bar 20% with the screen's own noise ±1.79 points at this n: 349 wins or fewer fail, 350-418 are borderline, 419 or more clear the floor.
Flagged cards (the bot is known not to price them fully): none. A share under 25% of at least 20 opportunities is a flag for a person to look at.
Written: /mnt/c/Users/dacz8/Projects/Pocket Deck Sim/PocketDeckSim/rl/results/floor_brews_2026-09-28/brew-08-entei-rainbow-cave.md
self-check passed: edges 349/350/418/419 (n 1,920) and 78/79/113/114 (n 480); untrusted rule; Supporter turns
# Floor check: brew-09-sableye-obstagoon

**Verdict: clears the floor.** 835 wins in 1920 games (43.49%) against the 8 lists in decks/screen/opponents. Bar 20% with the screen's own noise ±1.79 points at this n: 349 wins or fewer fail, 350-418 are borderline, 419 or more clear the floor.
Flagged cards (the bot is known not to price them fully): Galarian Obstagoon as attacker: used on 1045 of 1061 opportunities (98.5%); Mega Sableye ex as attacker: used on 4332 of 4506 opportunities (96.1%). A share under 25% of at least 20 opportunities is a flag for a person to look at.
Written: /mnt/c/Users/dacz8/Projects/Pocket Deck Sim/PocketDeckSim/rl/results/floor_brews_2026-09-28/brew-09-sableye-obstagoon.md
self-check passed: edges 349/350/418/419 (n 1,920) and 78/79/113/114 (n 480); untrusted rule; Supporter turns
# Floor check: brew-10-diancie-giratina

**Verdict: clears the floor.** 779 wins in 1920 games (40.57%) against the 8 lists in decks/screen/opponents. Bar 20% with the screen's own noise ±1.79 points at this n: 349 wins or fewer fail, 350-418 are borderline, 419 or more clear the floor.
Flagged cards (the bot is known not to price them fully): none. A share under 25% of at least 20 opportunities is a flag for a person to look at.
Written: /mnt/c/Users/dacz8/Projects/Pocket Deck Sim/PocketDeckSim/rl/results/floor_brews_2026-09-28/brew-10-diancie-giratina.md
self-check passed: edges 349/350/418/419 (n 1,920) and 78/79/113/114 (n 480); untrusted rule; Supporter turns
# Floor check: brew-02-arceus-tandemaus-persian

**Verdict: fail.** 273 wins in 1920 games (14.22%) against the 8 lists in decks/screen/opponents. Bar 20% with the screen's own noise ±1.79 points at this n: 349 wins or fewer fail, 350-418 are borderline, 419 or more clear the floor.
Flagged cards (the bot is known not to price them fully): Maushold as attacker: used on 2185 of 2305 opportunities (94.8%). A share under 25% of at least 20 opportunities is a flag for a person to look at.
Written: /mnt/c/Users/dacz8/Projects/Pocket Deck Sim/PocketDeckSim/rl/results/floor_brews_2026-09-28/brew-02-arceus-tandemaus-persian.md
self-check passed: edges 349/350/418/419 (n 1,920) and 78/79/113/114 (n 480); untrusted rule; Supporter turns
# Floor check: brew-03b-arceus-crobat-nihilego-toxapex

**Verdict: borderline.** 397 wins in 1920 games (20.68%) against the 8 lists in decks/screen/opponents. Bar 20% with the screen's own noise ±1.79 points at this n: 349 wins or fewer fail, 350-418 are borderline, 419 or more clear the floor.
Flagged cards (the bot is known not to price them fully): Mareanie as attacker: used on 111 of 124 opportunities (89.5%); Team Rocket's Goo-zooka as Trainer (played): used on 95 of 4445 opportunities (2.1%); Toxapex as attacker: used on 426 of 493 opportunities (86.4%). A share under 25% of at least 20 opportunities is a flag for a person to look at.
Written: /mnt/c/Users/dacz8/Projects/Pocket Deck Sim/PocketDeckSim/rl/results/floor_brews_2026-09-28/brew-03b-arceus-crobat-nihilego-toxapex.md
