engine main-d363ba8 (rl/engine-2026-09-30/deckgym); screen and floor default km3
self-check passed: edges 349/350/418/419 (n 1,920) and 78/79/113/114 (n 480); untrusted rule; Supporter turns
# Floor check: brew-06-pyukumuku-silvally-payback

**Verdict: fail.** 125 wins in 1920 games (6.51%) against the 8 lists in decks/screen/opponents. Bar 20% with the screen's own noise ±1.79 points at this n: 349 wins or fewer fail, 350-418 are borderline, 419 or more clear the floor.
Flagged cards (the bot is known not to price them fully): Pyukumuku as bench piece/passive ability: used on 2339 of 4071 opportunities (57.5%); Rocky Helmet as Trainer (played): used on 1440 of 1593 opportunities (90.4%); Silvally as attacker: used on 585 of 588 opportunities (99.5%). A share under 25% of at least 20 opportunities is a flag for a person to look at.
Written: /mnt/c/Users/dacz8/Projects/Pocket Deck Sim/PocketDeckSim/rl/results/floor_recheck_2026-09-30/brew-06-pyukumuku-silvally-payback.md
self-check passed: edges 349/350/418/419 (n 1,920) and 78/79/113/114 (n 480); untrusted rule; Supporter turns
# Floor check: brew-06b-pyukumuku-silvally-scyther-grass

**Verdict: fail.** 262 wins in 1920 games (13.65%) against the 8 lists in decks/screen/opponents. Bar 20% with the screen's own noise ±1.79 points at this n: 349 wins or fewer fail, 350-418 are borderline, 419 or more clear the floor.
Flagged cards (the bot is known not to price them fully): Pyukumuku as bench piece/passive ability: used on 2197 of 3299 opportunities (66.6%); Rocky Helmet as Trainer (played): used on 1294 of 2062 opportunities (62.8%); Silvally as attacker: used on 592 of 599 opportunities (98.8%); Team Rocket's Scyther as attacker: used on 178 of 184 opportunities (96.7%). A share under 25% of at least 20 opportunities is a flag for a person to look at.
Written: /mnt/c/Users/dacz8/Projects/Pocket Deck Sim/PocketDeckSim/rl/results/floor_recheck_2026-09-30/brew-06b-pyukumuku-silvally-scyther-grass.md
self-check passed: edges 349/350/418/419 (n 1,920) and 78/79/113/114 (n 480); untrusted rule; Supporter turns
# Floor check: 14-comfey-raticate-hypno

**Verdict: control reading, not a floor verdict (pilots k3 on the deck and k3 on the panel, not km3 on both): untrusted.** 196 wins in 1920 games (10.21%) against the 8 lists in decks/screen/opponents. Bar 20% with the screen's own noise ±1.79 points at this n: 349 wins or fewer fail, 350-418 are borderline, 419 or more clear the floor.
Flagged cards (the bot is known not to price them fully): Copycat as Trainer (played): used on 572 of 1508 opportunities (37.9%); Team Rocket's Goo-zooka as Trainer (played): used on 66 of 4486 opportunities (1.5%); Team Rocket's Hypno as attacker: used on 1099 of 1161 opportunities (94.7%); Team Rocket's Raticate ex as activated ability: used on 49 of 1622 opportunities (3.0%); Team Rocket's Researcher as Trainer (played): used on 1110 of 1303 opportunities (85.2%). A share under 25% of at least 20 opportunities is a flag for a person to look at.
Written: /mnt/c/Users/dacz8/Projects/Pocket Deck Sim/PocketDeckSim/rl/results/floor_recheck_2026-09-30/control_k3/14-comfey-raticate-hypno.md
self-check passed: edges 349/350/418/419 (n 1,920) and 78/79/113/114 (n 480); untrusted rule; Supporter turns
# Floor check: brew-05b-meowstic-hatterene-comfey

**Verdict: clears the floor.** 577 wins in 1920 games (30.05%) against the 8 lists in decks/screen/opponents. Bar 20% with the screen's own noise ±1.79 points at this n: 349 wins or fewer fail, 350-418 are borderline, 419 or more clear the floor.
Flagged cards (the bot is known not to price them fully): Hatterene as attacker: used on 2416 of 2496 opportunities (96.8%). A share under 25% of at least 20 opportunities is a flag for a person to look at.
Written: /mnt/c/Users/dacz8/Projects/Pocket Deck Sim/PocketDeckSim/rl/results/floor_recheck_2026-09-30/brew-05b-meowstic-hatterene-comfey.md
self-check passed: edges 349/350/418/419 (n 1,920) and 78/79/113/114 (n 480); untrusted rule; Supporter turns
# Floor check: 07-skarmory-stall

**Verdict: clears the floor.** 1098 wins in 1920 games (57.19%) against the 8 lists in decks/screen/opponents. Bar 20% with the screen's own noise ±1.79 points at this n: 349 wins or fewer fail, 350-418 are borderline, 419 or more clear the floor.
Flagged cards (the bot is known not to price them fully): Jasmine as Trainer (played): used on 1786 of 3299 opportunities (54.1%); Metal Core Barrier as Trainer (played): used on 2419 of 3667 opportunities (66.0%); Skarmory ex as attacker: used on 8397 of 8398 opportunities (100.0%). A share under 25% of at least 20 opportunities is a flag for a person to look at.
Written: /mnt/c/Users/dacz8/Projects/Pocket Deck Sim/PocketDeckSim/rl/results/floor_recheck_2026-09-30/07-skarmory-stall.md
RECHECK PASSED: the floor stays usable under km3

PASS brew-06: 'fail', 125 of 1920, pilots km3/km3 (needed: fail, km3 on both sides)
PASS brew-06: plain run_screen.py per opponent {'t-sceptile': 4, 't-blaziken': 8, 't-hydreigon': 14, 't-altaria': 16, 't-suicune': 16, 't-weezing': 16, 't-lucario': 20, 't-vespiquen': 31} (total 125) v the floor's {'t-sceptile': 4, 't-blaziken': 8, 't-hydreigon': 14, 't-altaria': 16, 't-suicune': 16, 't-weezing': 16, 't-lucario': 20, 't-vespiquen': 31} (total 125)
PASS brew-06b: 'fail', 262 of 1920, pilots km3/km3 (needed: fail, km3 on both sides)
PASS brew-06b: plain run_screen.py per opponent {'t-sceptile': 5, 't-blaziken': 16, 't-lucario': 26, 't-suicune': 28, 't-hydreigon': 30, 't-altaria': 51, 't-vespiquen': 53, 't-weezing': 53} (total 262) v the floor's {'t-sceptile': 5, 't-blaziken': 16, 't-lucario': 26, 't-suicune': 28, 't-hydreigon': 30, 't-altaria': 51, 't-vespiquen': 53, 't-weezing': 53} (total 262)
PASS control deck 14: 'control reading, not a floor verdict (pilots k3 on the deck and k3 on the panel, not km3 on both): untrusted', 196 of 1920 (needed: untrusted, k3 on both sides)
PASS engine on every page: ['rl/engine-2026-09-30/deckgym']

reported: brew-05b: clears the floor, 577 of 1920 (30.1%); before: 584 (kog3, Sept 28); 597 (kp3, Sept 25)
reported: deck-07: clears the floor, 1098 of 1920 (57.2%); before: 903 (kog3, Sept 28); 908 (kp3, Sept 25)
reported: the k3 control repeats Sept 28's games (196 v 196 wins; per opponent equal)
