self-check passed: edges 349/350/418/419 (n 1,920) and 78/79/113/114 (n 480); untrusted rule; Supporter turns
# Floor check: brew-06-pyukumuku-silvally-payback

**Verdict: fail.** 124 wins in 1920 games (6.46%) against the 8 lists in decks/screen/opponents. Bar 20% with the screen's own noise ±1.79 points at this n: 349 wins or fewer fail, 350-418 are borderline, 419 or more clear the floor.
Flagged cards (the bot is known not to price them fully): Pyukumuku as bench piece/passive ability: used on 2341 of 4071 opportunities (57.5%); Rocky Helmet as Trainer (played): used on 1439 of 1593 opportunities (90.3%); Silvally as attacker: used on 587 of 589 opportunities (99.7%). A share under 25% of at least 20 opportunities is a flag for a person to look at.
Written: /mnt/c/Users/dacz8/Projects/Pocket Deck Sim/PocketDeckSim/rl/results/floor_recheck_2026-09-28/brew-06-pyukumuku-silvally-payback.md
self-check passed: edges 349/350/418/419 (n 1,920) and 78/79/113/114 (n 480); untrusted rule; Supporter turns
# Floor check: brew-06b-pyukumuku-silvally-scyther-grass

**Verdict: fail.** 259 wins in 1920 games (13.49%) against the 8 lists in decks/screen/opponents. Bar 20% with the screen's own noise ±1.79 points at this n: 349 wins or fewer fail, 350-418 are borderline, 419 or more clear the floor.
Flagged cards (the bot is known not to price them fully): Pyukumuku as bench piece/passive ability: used on 2195 of 3303 opportunities (66.5%); Rocky Helmet as Trainer (played): used on 1293 of 2071 opportunities (62.4%); Silvally as attacker: used on 591 of 598 opportunities (98.8%); Team Rocket's Scyther as attacker: used on 178 of 184 opportunities (96.7%). A share under 25% of at least 20 opportunities is a flag for a person to look at.
Written: /mnt/c/Users/dacz8/Projects/Pocket Deck Sim/PocketDeckSim/rl/results/floor_recheck_2026-09-28/brew-06b-pyukumuku-silvally-scyther-grass.md
self-check passed: edges 349/350/418/419 (n 1,920) and 78/79/113/114 (n 480); untrusted rule; Supporter turns
# Floor check: 14-comfey-raticate-hypno

**Verdict: control reading, not a floor verdict (pilots k3 on the deck and k3 on the panel, not kog3 on both): untrusted.** 196 wins in 1920 games (10.21%) against the 8 lists in decks/screen/opponents. Bar 20% with the screen's own noise ±1.79 points at this n: 349 wins or fewer fail, 350-418 are borderline, 419 or more clear the floor.
Flagged cards (the bot is known not to price them fully): Copycat as Trainer (played): used on 572 of 1508 opportunities (37.9%); Team Rocket's Goo-zooka as Trainer (played): used on 66 of 4486 opportunities (1.5%); Team Rocket's Hypno as attacker: used on 1099 of 1161 opportunities (94.7%); Team Rocket's Raticate ex as activated ability: used on 49 of 1622 opportunities (3.0%); Team Rocket's Researcher as Trainer (played): used on 1110 of 1303 opportunities (85.2%). A share under 25% of at least 20 opportunities is a flag for a person to look at.
Written: /mnt/c/Users/dacz8/Projects/Pocket Deck Sim/PocketDeckSim/rl/results/floor_recheck_2026-09-28/control_k3/14-comfey-raticate-hypno.md
self-check passed: edges 349/350/418/419 (n 1,920) and 78/79/113/114 (n 480); untrusted rule; Supporter turns
# Floor check: brew-05b-meowstic-hatterene-comfey

**Verdict: clears the floor.** 584 wins in 1920 games (30.42%) against the 8 lists in decks/screen/opponents. Bar 20% with the screen's own noise ±1.79 points at this n: 349 wins or fewer fail, 350-418 are borderline, 419 or more clear the floor.
Flagged cards (the bot is known not to price them fully): Hatterene as attacker: used on 2417 of 2496 opportunities (96.8%). A share under 25% of at least 20 opportunities is a flag for a person to look at.
Written: /mnt/c/Users/dacz8/Projects/Pocket Deck Sim/PocketDeckSim/rl/results/floor_recheck_2026-09-28/brew-05b-meowstic-hatterene-comfey.md
self-check passed: edges 349/350/418/419 (n 1,920) and 78/79/113/114 (n 480); untrusted rule; Supporter turns
# Floor check: 07-skarmory-stall

**Verdict: clears the floor.** 903 wins in 1920 games (47.03%) against the 8 lists in decks/screen/opponents. Bar 20% with the screen's own noise ±1.79 points at this n: 349 wins or fewer fail, 350-418 are borderline, 419 or more clear the floor.
Flagged cards (the bot is known not to price them fully): Jasmine as Trainer (played): used on 53 of 3961 opportunities (1.3%); Metal Core Barrier as Trainer (played): used on 2422 of 3066 opportunities (79.0%); Skarmory ex as attacker: used on 7687 of 7687 opportunities (100.0%). A share under 25% of at least 20 opportunities is a flag for a person to look at.
Written: /mnt/c/Users/dacz8/Projects/Pocket Deck Sim/PocketDeckSim/rl/results/floor_recheck_2026-09-28/07-skarmory-stall.md
