warning: unused import: `TrainerType`
  --> src/players/value_functions.rs:21:76
   |
21 | use crate::models::{Attack, Card, EnergyType, PlayedCard, StatusCondition, TrainerType, BASIC_STAGE};
   |                                                                            ^^^^^^^^^^^
   |
   = note: `#[warn(unused_imports)]` (part of `#[warn(unused)]`) on by default

warning: variable does not need to be mutable
   --> src/actions/energy_moves.rs:187:9
    |
187 |     let mut take = |pools: &mut Vec<(usize, Vec<EnergyType>)>,
    |         ----^^^^
    |         |
    |         help: remove this `mut`
    |
    = note: `#[warn(unused_mut)]` (part of `#[warn(unused)]`) on by default

warning: associated function `geometric_until_tails` is never used
   --> src/actions/attack_outcome.rs:403:12
    |
227 | impl AttackOutcomes {
    | ------------------- associated function in this implementation
...
403 |     pub fn geometric_until_tails(
    |            ^^^^^^^^^^^^^^^^^^^^^
    |
    = note: `#[warn(dead_code)]` (part of `#[warn(unused)]`) on by default

warning: function `estimated_attack_damage` is never used
    --> src/players/value_functions.rs:2144:4
     |
2144 | fn estimated_attack_damage(attack: &Attack, slot: &PlayedCard, state: &State, player: usize) -> f64 {
     |    ^^^^^^^^^^^^^^^^^^^^^^^

warning: function `best_attack_value` is never used
    --> src/players/value_functions.rs:2440:4
     |
2440 | fn best_attack_value(slot: &PlayedCard, form: &Card, state: &State, player: usize) -> f64 {
     |    ^^^^^^^^^^^^^^^^^

warning: `deckgym` (lib) generated 5 warnings (run `cargo fix --lib -p deckgym` to apply 2 suggestions)
   Compiling deckgym v0.1.0-pdl.rules4 (/home/dacz8976/engine-kt-ec7e1a8/engine)
    Finished `release` profile [optimized] target(s) in 9.99s
