2026-10-02 18:38:09 games start
self-test passed: Wilson 50/100 = 40.38-59.62%, 0/10 = 0-27.75%; paired mean and sd; own turns; lists of 20; a made-up game: arm of the Benched Vulpix followed through a switch (Activate) and its evolution, steps L1-L5, L3v, L4v and the plan's line; attacked-at-all counts; card names in the lists
extract draftA seat 0 seeds 23200000000..23200000049: 50 games, printed (27, 22, 1)
2026-10-02 18:38:16 rl/results/draft_A_v_fire_2026-10-02/games/draftA_s0_c00.jsonl: seeds 23200000000..23200000049, 6 s
self-test passed: Wilson 50/100 = 40.38-59.62%, 0/10 = 0-27.75%; paired mean and sd; own turns; lists of 20; a made-up game: arm of the Benched Vulpix followed through a switch (Activate) and its evolution, steps L1-L5, L3v, L4v and the plan's line; attacked-at-all counts; card names in the lists
extract draftA seat 0 seeds 23200000050..23200000099: 50 games, printed (27, 23, 0)
2026-10-02 18:38:20 rl/results/draft_A_v_fire_2026-10-02/games/draftA_s0_c01.jsonl: seeds 23200000050..23200000099, 4 s
self-test passed: Wilson 50/100 = 40.38-59.62%, 0/10 = 0-27.75%; paired mean and sd; own turns; lists of 20; a made-up game: arm of the Benched Vulpix followed through a switch (Activate) and its evolution, steps L1-L5, L3v, L4v and the plan's line; attacked-at-all counts; card names in the lists
extract draftA seat 0 seeds 23200000100..23200000149: 50 games, printed (20, 30, 0)
2026-10-02 18:38:25 rl/results/draft_A_v_fire_2026-10-02/games/draftA_s0_c02.jsonl: seeds 23200000100..23200000149, 5 s
self-test passed: Wilson 50/100 = 40.38-59.62%, 0/10 = 0-27.75%; paired mean and sd; own turns; lists of 20; a made-up game: arm of the Benched Vulpix followed through a switch (Activate) and its evolution, steps L1-L5, L3v, L4v and the plan's line; attacked-at-all counts; card names in the lists
extract draftA seat 0 seeds 23200000150..23200000199: 50 games, printed (31, 19, 0)
2026-10-02 18:38:30 rl/results/draft_A_v_fire_2026-10-02/games/draftA_s0_c03.jsonl: seeds 23200000150..23200000199, 5 s
self-test passed: Wilson 50/100 = 40.38-59.62%, 0/10 = 0-27.75%; paired mean and sd; own turns; lists of 20; a made-up game: arm of the Benched Vulpix followed through a switch (Activate) and its evolution, steps L1-L5, L3v, L4v and the plan's line; attacked-at-all counts; card names in the lists
extract draftA seat 0 seeds 23200000200..23200000249: 50 games, printed (23, 27, 0)
2026-10-02 18:38:36 rl/results/draft_A_v_fire_2026-10-02/games/draftA_s0_c04.jsonl: seeds 23200000200..23200000249, 6 s
self-test passed: Wilson 50/100 = 40.38-59.62%, 0/10 = 0-27.75%; paired mean and sd; own turns; lists of 20; a made-up game: arm of the Benched Vulpix followed through a switch (Activate) and its evolution, steps L1-L5, L3v, L4v and the plan's line; attacked-at-all counts; card names in the lists
extract draftA seat 0 seeds 23200000250..23200000299: 50 games, printed (31, 19, 0)
2026-10-02 18:38:42 rl/results/draft_A_v_fire_2026-10-02/games/draftA_s0_c05.jsonl: seeds 23200000250..23200000299, 6 s
self-test passed: Wilson 50/100 = 40.38-59.62%, 0/10 = 0-27.75%; paired mean and sd; own turns; lists of 20; a made-up game: arm of the Benched Vulpix followed through a switch (Activate) and its evolution, steps L1-L5, L3v, L4v and the plan's line; attacked-at-all counts; card names in the lists
extract draftA seat 0 seeds 23200000300..23200000349: 50 games, printed (20, 29, 1)
2026-10-02 18:38:47 rl/results/draft_A_v_fire_2026-10-02/games/draftA_s0_c06.jsonl: seeds 23200000300..23200000349, 5 s
self-test passed: Wilson 50/100 = 40.38-59.62%, 0/10 = 0-27.75%; paired mean and sd; own turns; lists of 20; a made-up game: arm of the Benched Vulpix followed through a switch (Activate) and its evolution, steps L1-L5, L3v, L4v and the plan's line; attacked-at-all counts; card names in the lists
extract draftA seat 0 seeds 23200000350..23200000399: 50 games, printed (30, 20, 0)
2026-10-02 18:38:52 rl/results/draft_A_v_fire_2026-10-02/games/draftA_s0_c07.jsonl: seeds 23200000350..23200000399, 5 s
self-test passed: Wilson 50/100 = 40.38-59.62%, 0/10 = 0-27.75%; paired mean and sd; own turns; lists of 20; a made-up game: arm of the Benched Vulpix followed through a switch (Activate) and its evolution, steps L1-L5, L3v, L4v and the plan's line; attacked-at-all counts; card names in the lists
extract draftA seat 0 seeds 23200000400..23200000449: 50 games, printed (24, 26, 0)
2026-10-02 18:38:57 rl/results/draft_A_v_fire_2026-10-02/games/draftA_s0_c08.jsonl: seeds 23200000400..23200000449, 5 s
self-test passed: Wilson 50/100 = 40.38-59.62%, 0/10 = 0-27.75%; paired mean and sd; own turns; lists of 20; a made-up game: arm of the Benched Vulpix followed through a switch (Activate) and its evolution, steps L1-L5, L3v, L4v and the plan's line; attacked-at-all counts; card names in the lists
extract draftA seat 0 seeds 23200000450..23200000499: 50 games, printed (25, 25, 0)
2026-10-02 18:39:02 rl/results/draft_A_v_fire_2026-10-02/games/draftA_s0_c09.jsonl: seeds 23200000450..23200000499, 5 s
self-test passed: Wilson 50/100 = 40.38-59.62%, 0/10 = 0-27.75%; paired mean and sd; own turns; lists of 20; a made-up game: arm of the Benched Vulpix followed through a switch (Activate) and its evolution, steps L1-L5, L3v, L4v and the plan's line; attacked-at-all counts; card names in the lists
extract draftA seat 1 seeds 23200000500..23200000549: 50 games, printed (17, 32, 1)
2026-10-02 18:39:07 rl/results/draft_A_v_fire_2026-10-02/games/draftA_s1_c00.jsonl: seeds 23200000500..23200000549, 5 s
self-test passed: Wilson 50/100 = 40.38-59.62%, 0/10 = 0-27.75%; paired mean and sd; own turns; lists of 20; a made-up game: arm of the Benched Vulpix followed through a switch (Activate) and its evolution, steps L1-L5, L3v, L4v and the plan's line; attacked-at-all counts; card names in the lists
extract draftA seat 1 seeds 23200000550..23200000599: 50 games, printed (24, 25, 1)
2026-10-02 18:39:13 rl/results/draft_A_v_fire_2026-10-02/games/draftA_s1_c01.jsonl: seeds 23200000550..23200000599, 6 s
self-test passed: Wilson 50/100 = 40.38-59.62%, 0/10 = 0-27.75%; paired mean and sd; own turns; lists of 20; a made-up game: arm of the Benched Vulpix followed through a switch (Activate) and its evolution, steps L1-L5, L3v, L4v and the plan's line; attacked-at-all counts; card names in the lists
extract draftA seat 1 seeds 23200000600..23200000649: 50 games, printed (31, 19, 0)
2026-10-02 18:39:17 rl/results/draft_A_v_fire_2026-10-02/games/draftA_s1_c02.jsonl: seeds 23200000600..23200000649, 4 s
self-test passed: Wilson 50/100 = 40.38-59.62%, 0/10 = 0-27.75%; paired mean and sd; own turns; lists of 20; a made-up game: arm of the Benched Vulpix followed through a switch (Activate) and its evolution, steps L1-L5, L3v, L4v and the plan's line; attacked-at-all counts; card names in the lists
extract draftA seat 1 seeds 23200000650..23200000699: 50 games, printed (25, 25, 0)
2026-10-02 18:39:21 rl/results/draft_A_v_fire_2026-10-02/games/draftA_s1_c03.jsonl: seeds 23200000650..23200000699, 4 s
self-test passed: Wilson 50/100 = 40.38-59.62%, 0/10 = 0-27.75%; paired mean and sd; own turns; lists of 20; a made-up game: arm of the Benched Vulpix followed through a switch (Activate) and its evolution, steps L1-L5, L3v, L4v and the plan's line; attacked-at-all counts; card names in the lists
extract draftA seat 1 seeds 23200000700..23200000749: 50 games, printed (25, 25, 0)
2026-10-02 18:39:27 rl/results/draft_A_v_fire_2026-10-02/games/draftA_s1_c04.jsonl: seeds 23200000700..23200000749, 6 s
self-test passed: Wilson 50/100 = 40.38-59.62%, 0/10 = 0-27.75%; paired mean and sd; own turns; lists of 20; a made-up game: arm of the Benched Vulpix followed through a switch (Activate) and its evolution, steps L1-L5, L3v, L4v and the plan's line; attacked-at-all counts; card names in the lists
extract draftA seat 1 seeds 23200000750..23200000799: 50 games, printed (26, 24, 0)
2026-10-02 18:39:32 rl/results/draft_A_v_fire_2026-10-02/games/draftA_s1_c05.jsonl: seeds 23200000750..23200000799, 5 s
self-test passed: Wilson 50/100 = 40.38-59.62%, 0/10 = 0-27.75%; paired mean and sd; own turns; lists of 20; a made-up game: arm of the Benched Vulpix followed through a switch (Activate) and its evolution, steps L1-L5, L3v, L4v and the plan's line; attacked-at-all counts; card names in the lists
extract draftA seat 1 seeds 23200000800..23200000849: 50 games, printed (21, 29, 0)
2026-10-02 18:39:37 rl/results/draft_A_v_fire_2026-10-02/games/draftA_s1_c06.jsonl: seeds 23200000800..23200000849, 5 s
self-test passed: Wilson 50/100 = 40.38-59.62%, 0/10 = 0-27.75%; paired mean and sd; own turns; lists of 20; a made-up game: arm of the Benched Vulpix followed through a switch (Activate) and its evolution, steps L1-L5, L3v, L4v and the plan's line; attacked-at-all counts; card names in the lists
extract draftA seat 1 seeds 23200000850..23200000899: 50 games, printed (17, 33, 0)
2026-10-02 18:39:43 rl/results/draft_A_v_fire_2026-10-02/games/draftA_s1_c07.jsonl: seeds 23200000850..23200000899, 5 s
self-test passed: Wilson 50/100 = 40.38-59.62%, 0/10 = 0-27.75%; paired mean and sd; own turns; lists of 20; a made-up game: arm of the Benched Vulpix followed through a switch (Activate) and its evolution, steps L1-L5, L3v, L4v and the plan's line; attacked-at-all counts; card names in the lists
extract draftA seat 1 seeds 23200000900..23200000949: 50 games, printed (23, 27, 0)
2026-10-02 18:39:48 rl/results/draft_A_v_fire_2026-10-02/games/draftA_s1_c08.jsonl: seeds 23200000900..23200000949, 5 s
self-test passed: Wilson 50/100 = 40.38-59.62%, 0/10 = 0-27.75%; paired mean and sd; own turns; lists of 20; a made-up game: arm of the Benched Vulpix followed through a switch (Activate) and its evolution, steps L1-L5, L3v, L4v and the plan's line; attacked-at-all counts; card names in the lists
extract draftA seat 1 seeds 23200000950..23200000999: 50 games, printed (29, 20, 1)
2026-10-02 18:39:53 rl/results/draft_A_v_fire_2026-10-02/games/draftA_s1_c09.jsonl: seeds 23200000950..23200000999, 5 s
self-test passed: Wilson 50/100 = 40.38-59.62%, 0/10 = 0-27.75%; paired mean and sd; own turns; lists of 20; a made-up game: arm of the Benched Vulpix followed through a switch (Activate) and its evolution, steps L1-L5, L3v, L4v and the plan's line; attacked-at-all counts; card names in the lists
extract deck13 seat 0 seeds 23200000000..23200000049: 50 games, printed (35, 15, 0)
2026-10-02 18:39:57 rl/results/draft_A_v_fire_2026-10-02/games/deck13_s0_c00.jsonl: seeds 23200000000..23200000049, 4 s
self-test passed: Wilson 50/100 = 40.38-59.62%, 0/10 = 0-27.75%; paired mean and sd; own turns; lists of 20; a made-up game: arm of the Benched Vulpix followed through a switch (Activate) and its evolution, steps L1-L5, L3v, L4v and the plan's line; attacked-at-all counts; card names in the lists
extract deck13 seat 0 seeds 23200000050..23200000099: 50 games, printed (31, 19, 0)
2026-10-02 18:40:01 rl/results/draft_A_v_fire_2026-10-02/games/deck13_s0_c01.jsonl: seeds 23200000050..23200000099, 4 s
self-test passed: Wilson 50/100 = 40.38-59.62%, 0/10 = 0-27.75%; paired mean and sd; own turns; lists of 20; a made-up game: arm of the Benched Vulpix followed through a switch (Activate) and its evolution, steps L1-L5, L3v, L4v and the plan's line; attacked-at-all counts; card names in the lists
extract deck13 seat 0 seeds 23200000100..23200000149: 50 games, printed (21, 29, 0)
2026-10-02 18:40:05 rl/results/draft_A_v_fire_2026-10-02/games/deck13_s0_c02.jsonl: seeds 23200000100..23200000149, 4 s
self-test passed: Wilson 50/100 = 40.38-59.62%, 0/10 = 0-27.75%; paired mean and sd; own turns; lists of 20; a made-up game: arm of the Benched Vulpix followed through a switch (Activate) and its evolution, steps L1-L5, L3v, L4v and the plan's line; attacked-at-all counts; card names in the lists
extract deck13 seat 0 seeds 23200000150..23200000199: 50 games, printed (31, 19, 0)
2026-10-02 18:40:09 rl/results/draft_A_v_fire_2026-10-02/games/deck13_s0_c03.jsonl: seeds 23200000150..23200000199, 4 s
self-test passed: Wilson 50/100 = 40.38-59.62%, 0/10 = 0-27.75%; paired mean and sd; own turns; lists of 20; a made-up game: arm of the Benched Vulpix followed through a switch (Activate) and its evolution, steps L1-L5, L3v, L4v and the plan's line; attacked-at-all counts; card names in the lists
extract deck13 seat 0 seeds 23200000200..23200000249: 50 games, printed (27, 23, 0)
2026-10-02 18:40:14 rl/results/draft_A_v_fire_2026-10-02/games/deck13_s0_c04.jsonl: seeds 23200000200..23200000249, 5 s
self-test passed: Wilson 50/100 = 40.38-59.62%, 0/10 = 0-27.75%; paired mean and sd; own turns; lists of 20; a made-up game: arm of the Benched Vulpix followed through a switch (Activate) and its evolution, steps L1-L5, L3v, L4v and the plan's line; attacked-at-all counts; card names in the lists
extract deck13 seat 0 seeds 23200000250..23200000299: 50 games, printed (37, 13, 0)
2026-10-02 18:40:18 rl/results/draft_A_v_fire_2026-10-02/games/deck13_s0_c05.jsonl: seeds 23200000250..23200000299, 4 s
self-test passed: Wilson 50/100 = 40.38-59.62%, 0/10 = 0-27.75%; paired mean and sd; own turns; lists of 20; a made-up game: arm of the Benched Vulpix followed through a switch (Activate) and its evolution, steps L1-L5, L3v, L4v and the plan's line; attacked-at-all counts; card names in the lists
extract deck13 seat 0 seeds 23200000300..23200000349: 50 games, printed (29, 21, 0)
2026-10-02 18:40:23 rl/results/draft_A_v_fire_2026-10-02/games/deck13_s0_c06.jsonl: seeds 23200000300..23200000349, 5 s
self-test passed: Wilson 50/100 = 40.38-59.62%, 0/10 = 0-27.75%; paired mean and sd; own turns; lists of 20; a made-up game: arm of the Benched Vulpix followed through a switch (Activate) and its evolution, steps L1-L5, L3v, L4v and the plan's line; attacked-at-all counts; card names in the lists
extract deck13 seat 0 seeds 23200000350..23200000399: 50 games, printed (30, 20, 0)
2026-10-02 18:40:26 rl/results/draft_A_v_fire_2026-10-02/games/deck13_s0_c07.jsonl: seeds 23200000350..23200000399, 3 s
self-test passed: Wilson 50/100 = 40.38-59.62%, 0/10 = 0-27.75%; paired mean and sd; own turns; lists of 20; a made-up game: arm of the Benched Vulpix followed through a switch (Activate) and its evolution, steps L1-L5, L3v, L4v and the plan's line; attacked-at-all counts; card names in the lists
extract deck13 seat 0 seeds 23200000400..23200000449: 50 games, printed (31, 19, 0)
2026-10-02 18:40:31 rl/results/draft_A_v_fire_2026-10-02/games/deck13_s0_c08.jsonl: seeds 23200000400..23200000449, 5 s
self-test passed: Wilson 50/100 = 40.38-59.62%, 0/10 = 0-27.75%; paired mean and sd; own turns; lists of 20; a made-up game: arm of the Benched Vulpix followed through a switch (Activate) and its evolution, steps L1-L5, L3v, L4v and the plan's line; attacked-at-all counts; card names in the lists
extract deck13 seat 0 seeds 23200000450..23200000499: 50 games, printed (28, 22, 0)
2026-10-02 18:40:35 rl/results/draft_A_v_fire_2026-10-02/games/deck13_s0_c09.jsonl: seeds 23200000450..23200000499, 4 s
self-test passed: Wilson 50/100 = 40.38-59.62%, 0/10 = 0-27.75%; paired mean and sd; own turns; lists of 20; a made-up game: arm of the Benched Vulpix followed through a switch (Activate) and its evolution, steps L1-L5, L3v, L4v and the plan's line; attacked-at-all counts; card names in the lists
extract deck13 seat 1 seeds 23200000500..23200000549: 50 games, printed (16, 34, 0)
2026-10-02 18:40:39 rl/results/draft_A_v_fire_2026-10-02/games/deck13_s1_c00.jsonl: seeds 23200000500..23200000549, 4 s
self-test passed: Wilson 50/100 = 40.38-59.62%, 0/10 = 0-27.75%; paired mean and sd; own turns; lists of 20; a made-up game: arm of the Benched Vulpix followed through a switch (Activate) and its evolution, steps L1-L5, L3v, L4v and the plan's line; attacked-at-all counts; card names in the lists
extract deck13 seat 1 seeds 23200000550..23200000599: 50 games, printed (14, 36, 0)
2026-10-02 18:40:44 rl/results/draft_A_v_fire_2026-10-02/games/deck13_s1_c01.jsonl: seeds 23200000550..23200000599, 5 s
self-test passed: Wilson 50/100 = 40.38-59.62%, 0/10 = 0-27.75%; paired mean and sd; own turns; lists of 20; a made-up game: arm of the Benched Vulpix followed through a switch (Activate) and its evolution, steps L1-L5, L3v, L4v and the plan's line; attacked-at-all counts; card names in the lists
extract deck13 seat 1 seeds 23200000600..23200000649: 50 games, printed (16, 34, 0)
2026-10-02 18:40:49 rl/results/draft_A_v_fire_2026-10-02/games/deck13_s1_c02.jsonl: seeds 23200000600..23200000649, 5 s
self-test passed: Wilson 50/100 = 40.38-59.62%, 0/10 = 0-27.75%; paired mean and sd; own turns; lists of 20; a made-up game: arm of the Benched Vulpix followed through a switch (Activate) and its evolution, steps L1-L5, L3v, L4v and the plan's line; attacked-at-all counts; card names in the lists
extract deck13 seat 1 seeds 23200000650..23200000699: 50 games, printed (16, 34, 0)
2026-10-02 18:40:53 rl/results/draft_A_v_fire_2026-10-02/games/deck13_s1_c03.jsonl: seeds 23200000650..23200000699, 4 s
self-test passed: Wilson 50/100 = 40.38-59.62%, 0/10 = 0-27.75%; paired mean and sd; own turns; lists of 20; a made-up game: arm of the Benched Vulpix followed through a switch (Activate) and its evolution, steps L1-L5, L3v, L4v and the plan's line; attacked-at-all counts; card names in the lists
extract deck13 seat 1 seeds 23200000700..23200000749: 50 games, printed (18, 32, 0)
2026-10-02 18:40:59 rl/results/draft_A_v_fire_2026-10-02/games/deck13_s1_c04.jsonl: seeds 23200000700..23200000749, 6 s
self-test passed: Wilson 50/100 = 40.38-59.62%, 0/10 = 0-27.75%; paired mean and sd; own turns; lists of 20; a made-up game: arm of the Benched Vulpix followed through a switch (Activate) and its evolution, steps L1-L5, L3v, L4v and the plan's line; attacked-at-all counts; card names in the lists
extract deck13 seat 1 seeds 23200000750..23200000799: 50 games, printed (23, 27, 0)
2026-10-02 18:41:04 rl/results/draft_A_v_fire_2026-10-02/games/deck13_s1_c05.jsonl: seeds 23200000750..23200000799, 5 s
self-test passed: Wilson 50/100 = 40.38-59.62%, 0/10 = 0-27.75%; paired mean and sd; own turns; lists of 20; a made-up game: arm of the Benched Vulpix followed through a switch (Activate) and its evolution, steps L1-L5, L3v, L4v and the plan's line; attacked-at-all counts; card names in the lists
extract deck13 seat 1 seeds 23200000800..23200000849: 50 games, printed (14, 36, 0)
2026-10-02 18:41:10 rl/results/draft_A_v_fire_2026-10-02/games/deck13_s1_c06.jsonl: seeds 23200000800..23200000849, 6 s
self-test passed: Wilson 50/100 = 40.38-59.62%, 0/10 = 0-27.75%; paired mean and sd; own turns; lists of 20; a made-up game: arm of the Benched Vulpix followed through a switch (Activate) and its evolution, steps L1-L5, L3v, L4v and the plan's line; attacked-at-all counts; card names in the lists
extract deck13 seat 1 seeds 23200000850..23200000899: 50 games, printed (18, 32, 0)
2026-10-02 18:41:16 rl/results/draft_A_v_fire_2026-10-02/games/deck13_s1_c07.jsonl: seeds 23200000850..23200000899, 6 s
self-test passed: Wilson 50/100 = 40.38-59.62%, 0/10 = 0-27.75%; paired mean and sd; own turns; lists of 20; a made-up game: arm of the Benched Vulpix followed through a switch (Activate) and its evolution, steps L1-L5, L3v, L4v and the plan's line; attacked-at-all counts; card names in the lists
extract deck13 seat 1 seeds 23200000900..23200000949: 50 games, printed (20, 30, 0)
2026-10-02 18:41:22 rl/results/draft_A_v_fire_2026-10-02/games/deck13_s1_c08.jsonl: seeds 23200000900..23200000949, 6 s
self-test passed: Wilson 50/100 = 40.38-59.62%, 0/10 = 0-27.75%; paired mean and sd; own turns; lists of 20; a made-up game: arm of the Benched Vulpix followed through a switch (Activate) and its evolution, steps L1-L5, L3v, L4v and the plan's line; attacked-at-all counts; card names in the lists
extract deck13 seat 1 seeds 23200000950..23200000999: 50 games, printed (19, 31, 0)
2026-10-02 18:41:27 rl/results/draft_A_v_fire_2026-10-02/games/deck13_s1_c09.jsonl: seeds 23200000950..23200000999, 5 s
2026-10-02 18:41:28 games done; report
self-test passed: Wilson 50/100 = 40.38-59.62%, 0/10 = 0-27.75%; paired mean and sd; own turns; lists of 20; a made-up game: arm of the Benched Vulpix followed through a switch (Activate) and its evolution, steps L1-L5, L3v, L4v and the plan's line; attacked-at-all counts; card names in the lists
Written: /mnt/c/Users/dacz8/Projects/Pocket Deck Sim/PocketDeckSim/rl/results/draft_A_v_fire_2026-10-02/RESULTS.md
2026-10-02 18:41:28 done
