2026-10-02T07:18:19Z RECHECK START: run_check.sh e79b174d2dbab9ca, PLAN.md 4503ef1d83e8e87c (sha256; HEAD 24374a00)
engine main-8626a35 (rl/engine-2026-10-02/deckgym): deckgym 2f7e5fd6e0ae21ff, legality_scan 978912748c83fd6c, goldfish cecc76fbe51b3327, sitting 1's builds of 5a18d31 (rl/results/engine_switch_rules_2026-10/programs.sha256), committed with SHA256SUMS; manifest committed; source commit 8626a35 on HEAD, R f8cfa9c in it, engine/ tree 38af8b0; main-d363ba8 superseded; current_engine.py resolves rl/engine-2026-10-02/deckgym; screen and floor default km3; engine/src/players/public_pricing_player.rs as at 8626a35
references: Sept 30's 16 files in rl/results/floor_recheck_2026-09-30/, each its blob at 654d139
input (reported, not a gate) decks/screen/floor.py: sha256 8e5395e63a146368, as at 654d139
input (reported, not a gate) decks/screen/run_screen.py: sha256 d7bde1af80fa0b80, the one step 10 ran; CHANGED since 654d139
input (reported, not a gate) current_engine.py: sha256 b05a59e875205643, as at 654d139
input (reported, not a gate) lib/deckgym-database.json: sha256 2f48cb72966c23ba, as at 654d139
input (reported, not a gate) lib/brew_pages.py: sha256 bfa3b363af41f644, as at 654d139
input (reported, not a gate) engine/src/players/public_pricing_player.rs: sha256 c309aff9254d5a78, as at 654d139
input (reported, not a gate) decks/brews/brew-06-pyukumuku-silvally-payback.txt: sha256 8276d298e8e9c7cb, as at 654d139
input (reported, not a gate) decks/brews/brew-06b-pyukumuku-silvally-scyther-grass.txt: sha256 bbe0a2cf838dd37f, as at 654d139
input (reported, not a gate) decks/brews/brew-05b-meowstic-hatterene-comfey.txt: sha256 cf7e1a8a4449b1a5, as at 654d139
input (reported, not a gate) decks/dustin/14-comfey-raticate-hypno.txt: sha256 8e6296a40e3d351d, as at 654d139
input (reported, not a gate) decks/dustin/07-skarmory-stall.txt: sha256 62006b682027c473, as at 654d139
input (reported, not a gate) decks/screen/opponents/t-altaria.txt: sha256 c3a57b9c835be77b, as at 654d139
input (reported, not a gate) decks/screen/opponents/t-blaziken.txt: sha256 d88a70e56dae8f85, as at 654d139
input (reported, not a gate) decks/screen/opponents/t-hydreigon.txt: sha256 18688bd9ab09f263, as at 654d139
input (reported, not a gate) decks/screen/opponents/t-lucario.txt: sha256 76ad71c4d932da51, as at 654d139
input (reported, not a gate) decks/screen/opponents/t-sceptile.txt: sha256 fe0b7fc4de2f9dff, as at 654d139
input (reported, not a gate) decks/screen/opponents/t-suicune.txt: sha256 639778c3cdc05613, as at 654d139
input (reported, not a gate) decks/screen/opponents/t-vespiquen.txt: sha256 8356844fd2d143a4, as at 654d139
input (reported, not a gate) decks/screen/opponents/t-weezing.txt: sha256 26cb869fe5f2c7cd, as at 654d139
self-check passed: edges 349/350/418/419 (n 1,920) and 78/79/113/114 (n 480); untrusted rule; Supporter turns
# Floor check: brew-06-pyukumuku-silvally-payback

**Verdict: fail.** 125 wins in 1920 games (6.51%) against the 8 lists in decks/screen/opponents. Bar 20% with the screen's own noise ±1.79 points at this n: 349 wins or fewer fail, 350-418 are borderline, 419 or more clear the floor.
Flagged cards (the bot is known not to price them fully): Pyukumuku as bench piece/passive ability: used on 2339 of 4071 opportunities (57.5%); Rocky Helmet as Trainer (played): used on 1440 of 1593 opportunities (90.4%); Silvally as attacker: used on 585 of 588 opportunities (99.5%). A share under 25% of at least 20 opportunities is a flag for a person to look at.
Written: /mnt/c/Users/dacz8/Projects/Pocket Deck Sim/PocketDeckSim/rl/results/floor_recheck_2026-10/brew-06-pyukumuku-silvally-payback.md
self-check passed: edges 349/350/418/419 (n 1,920) and 78/79/113/114 (n 480); untrusted rule; Supporter turns
# Floor check: brew-06b-pyukumuku-silvally-scyther-grass

**Verdict: fail.** 262 wins in 1920 games (13.65%) against the 8 lists in decks/screen/opponents. Bar 20% with the screen's own noise ±1.79 points at this n: 349 wins or fewer fail, 350-418 are borderline, 419 or more clear the floor.
Flagged cards (the bot is known not to price them fully): Pyukumuku as bench piece/passive ability: used on 2197 of 3299 opportunities (66.6%); Rocky Helmet as Trainer (played): used on 1294 of 2062 opportunities (62.8%); Silvally as attacker: used on 592 of 599 opportunities (98.8%); Team Rocket's Scyther as attacker: used on 178 of 184 opportunities (96.7%). A share under 25% of at least 20 opportunities is a flag for a person to look at.
Written: /mnt/c/Users/dacz8/Projects/Pocket Deck Sim/PocketDeckSim/rl/results/floor_recheck_2026-10/brew-06b-pyukumuku-silvally-scyther-grass.md
self-check passed: edges 349/350/418/419 (n 1,920) and 78/79/113/114 (n 480); untrusted rule; Supporter turns
# Floor check: 14-comfey-raticate-hypno

**Verdict: control reading, not a floor verdict (pilots k3 on the deck and k3 on the panel, not km3 on both): untrusted.** 196 wins in 1920 games (10.21%) against the 8 lists in decks/screen/opponents. Bar 20% with the screen's own noise ±1.79 points at this n: 349 wins or fewer fail, 350-418 are borderline, 419 or more clear the floor.
Flagged cards (the bot is known not to price them fully): Copycat as Trainer (played): used on 572 of 1508 opportunities (37.9%); Team Rocket's Goo-zooka as Trainer (played): used on 66 of 4486 opportunities (1.5%); Team Rocket's Hypno as attacker: used on 1099 of 1161 opportunities (94.7%); Team Rocket's Raticate ex as activated ability: used on 49 of 1622 opportunities (3.0%); Team Rocket's Researcher as Trainer (played): used on 1110 of 1303 opportunities (85.2%). A share under 25% of at least 20 opportunities is a flag for a person to look at.
Written: /mnt/c/Users/dacz8/Projects/Pocket Deck Sim/PocketDeckSim/rl/results/floor_recheck_2026-10/control_k3/14-comfey-raticate-hypno.md
self-check passed: edges 349/350/418/419 (n 1,920) and 78/79/113/114 (n 480); untrusted rule; Supporter turns
# Floor check: brew-05b-meowstic-hatterene-comfey

**Verdict: clears the floor.** 577 wins in 1920 games (30.05%) against the 8 lists in decks/screen/opponents. Bar 20% with the screen's own noise ±1.79 points at this n: 349 wins or fewer fail, 350-418 are borderline, 419 or more clear the floor.
Flagged cards (the bot is known not to price them fully): Hatterene as attacker: used on 2416 of 2496 opportunities (96.8%). A share under 25% of at least 20 opportunities is a flag for a person to look at.
Written: /mnt/c/Users/dacz8/Projects/Pocket Deck Sim/PocketDeckSim/rl/results/floor_recheck_2026-10/brew-05b-meowstic-hatterene-comfey.md
self-check passed: edges 349/350/418/419 (n 1,920) and 78/79/113/114 (n 480); untrusted rule; Supporter turns
# Floor check: 07-skarmory-stall

**Verdict: clears the floor.** 1098 wins in 1920 games (57.19%) against the 8 lists in decks/screen/opponents. Bar 20% with the screen's own noise ±1.79 points at this n: 349 wins or fewer fail, 350-418 are borderline, 419 or more clear the floor.
Flagged cards (the bot is known not to price them fully): Jasmine as Trainer (played): used on 1786 of 3299 opportunities (54.1%); Metal Core Barrier as Trainer (played): used on 2419 of 3667 opportunities (66.0%); Skarmory ex as attacker: used on 8397 of 8398 opportunities (100.0%). A share under 25% of at least 20 opportunities is a flag for a person to look at.
Written: /mnt/c/Users/dacz8/Projects/Pocket Deck Sim/PocketDeckSim/rl/results/floor_recheck_2026-10/07-skarmory-stall.md
PASS brew-06: 'fail', 125 of 1920, pilots km3/km3 (needed: fail, km3 on both sides, 1920 games)
PASS brew-06: plain run_screen.py per opponent {'t-sceptile': 4, 't-blaziken': 8, 't-hydreigon': 14, 't-altaria': 16, 't-suicune': 16, 't-weezing': 16, 't-lucario': 20, 't-vespiquen': 31} (total 125) v the floor's {'t-sceptile': 4, 't-blaziken': 8, 't-hydreigon': 14, 't-altaria': 16, 't-suicune': 16, 't-weezing': 16, 't-lucario': 20, 't-vespiquen': 31} (total 125)
PASS brew-06b: 'fail', 262 of 1920, pilots km3/km3 (needed: fail, km3 on both sides, 1920 games)
PASS brew-06b: plain run_screen.py per opponent {'t-sceptile': 5, 't-blaziken': 16, 't-lucario': 26, 't-suicune': 28, 't-hydreigon': 30, 't-altaria': 51, 't-vespiquen': 53, 't-weezing': 53} (total 262) v the floor's {'t-sceptile': 5, 't-blaziken': 16, 't-lucario': 26, 't-suicune': 28, 't-hydreigon': 30, 't-altaria': 51, 't-vespiquen': 53, 't-weezing': 53} (total 262)
PASS control deck 14: 'control reading, not a floor verdict (pilots k3 on the deck and k3 on the panel, not km3 on both): untrusted', 196 of 1920 (needed: untrusted, k3 on both sides, 1920 games)
PASS engine on every page: ['rl/engine-2026-10-02/deckgym'] (needed: rl/engine-2026-10-02/deckgym)
PASS wins equal Sept 30's exactly: brew-06 125 (Sept 30: 125), brew-06b 262 (Sept 30: 262), control 196 (Sept 30: 196), brew-05b 577 (Sept 30: 577), deck-07 1098 (Sept 30: 1098)
PASS brew-06-pyukumuku-silvally-payback.md v rl/results/floor_recheck_2026-09-30/brew-06-pyukumuku-silvally-payback.md: equal but for the engine lines
PASS brew-06-pyukumuku-silvally-payback_coverage.json v rl/results/floor_recheck_2026-09-30/brew-06-pyukumuku-silvally-payback_coverage.json: byte-equal
PASS brew-06-pyukumuku-silvally-payback_games.jsonl v rl/results/floor_recheck_2026-09-30/brew-06-pyukumuku-silvally-payback_games.jsonl: byte-equal
PASS brew-06b-pyukumuku-silvally-scyther-grass.md v rl/results/floor_recheck_2026-09-30/brew-06b-pyukumuku-silvally-scyther-grass.md: equal but for the engine lines
PASS brew-06b-pyukumuku-silvally-scyther-grass_coverage.json v rl/results/floor_recheck_2026-09-30/brew-06b-pyukumuku-silvally-scyther-grass_coverage.json: byte-equal
PASS brew-06b-pyukumuku-silvally-scyther-grass_games.jsonl v rl/results/floor_recheck_2026-09-30/brew-06b-pyukumuku-silvally-scyther-grass_games.jsonl: byte-equal
PASS control_k3/14-comfey-raticate-hypno.md v rl/results/floor_recheck_2026-09-30/control_k3/14-comfey-raticate-hypno.md: equal but for the engine lines
PASS control_k3/14-comfey-raticate-hypno_coverage.json v rl/results/floor_recheck_2026-09-30/control_k3/14-comfey-raticate-hypno_coverage.json: byte-equal
PASS control_k3/14-comfey-raticate-hypno_games.jsonl v rl/results/floor_recheck_2026-09-30/control_k3/14-comfey-raticate-hypno_games.jsonl: byte-equal
PASS brew-05b-meowstic-hatterene-comfey.md v rl/results/floor_recheck_2026-09-30/brew-05b-meowstic-hatterene-comfey.md: equal but for the engine lines
PASS brew-05b-meowstic-hatterene-comfey_coverage.json v rl/results/floor_recheck_2026-09-30/brew-05b-meowstic-hatterene-comfey_coverage.json: byte-equal
PASS brew-05b-meowstic-hatterene-comfey_games.jsonl v rl/results/floor_recheck_2026-09-30/brew-05b-meowstic-hatterene-comfey_games.jsonl: byte-equal
PASS 07-skarmory-stall.md v rl/results/floor_recheck_2026-09-30/07-skarmory-stall.md: equal but for the engine lines
PASS 07-skarmory-stall_coverage.json v rl/results/floor_recheck_2026-09-30/07-skarmory-stall_coverage.json: byte-equal
PASS 07-skarmory-stall_games.jsonl v rl/results/floor_recheck_2026-09-30/07-skarmory-stall_games.jsonl: byte-equal
PASS run_screen.txt v rl/results/floor_recheck_2026-09-30/run_screen.txt: equal but for the engine lines

RESULT PASSED main-8626a35: the floor stays usable under km3 on rl/engine-2026-10-02/deckgym. brew-06 fail 125, brew-06b fail 262, the deck 14 k3 control untrusted 196, brew-05b 577, deck 07 1,098 (of 1,920 each), Sept 30's exactly; run_screen gives the floor's wins per opponent; all 16 outputs equal Sept 30's but for the engine lines
