2026-10-02 19:06:12 games start
self-test passed: Wilson 50/100 = 40.38-59.62%, 0/10 = 0-27.75%; paired mean and sd; own turns; lists of 20; a made-up game: arm of the Benched Vulpix followed through a switch (Activate) and its evolution, steps L1-L5, L3v, L4v and the plan's line; attacked-at-all counts; card names in the lists
self-test (Wallace) passed: a made-up game's Wallace on own turn 1 (evolved, not evolved, no target choice); W1, W2, L1w beside L1 and L2; the list is draft A with one Misty (A1 220) replaced by one Wallace (B3b 068)
extract wallace seat 0 seeds 23200000000..23200000049: 50 games, printed (29, 20, 1)
2026-10-02 19:06:17 rl/results/draft_A_v_fire_2026-10-02/wallace/games/wallace_s0_c00.jsonl: seeds 23200000000..23200000049, 5 s
self-test passed: Wilson 50/100 = 40.38-59.62%, 0/10 = 0-27.75%; paired mean and sd; own turns; lists of 20; a made-up game: arm of the Benched Vulpix followed through a switch (Activate) and its evolution, steps L1-L5, L3v, L4v and the plan's line; attacked-at-all counts; card names in the lists
self-test (Wallace) passed: a made-up game's Wallace on own turn 1 (evolved, not evolved, no target choice); W1, W2, L1w beside L1 and L2; the list is draft A with one Misty (A1 220) replaced by one Wallace (B3b 068)
extract wallace seat 0 seeds 23200000050..23200000099: 50 games, printed (30, 19, 1)
2026-10-02 19:06:23 rl/results/draft_A_v_fire_2026-10-02/wallace/games/wallace_s0_c01.jsonl: seeds 23200000050..23200000099, 5 s
self-test passed: Wilson 50/100 = 40.38-59.62%, 0/10 = 0-27.75%; paired mean and sd; own turns; lists of 20; a made-up game: arm of the Benched Vulpix followed through a switch (Activate) and its evolution, steps L1-L5, L3v, L4v and the plan's line; attacked-at-all counts; card names in the lists
self-test (Wallace) passed: a made-up game's Wallace on own turn 1 (evolved, not evolved, no target choice); W1, W2, L1w beside L1 and L2; the list is draft A with one Misty (A1 220) replaced by one Wallace (B3b 068)
extract wallace seat 0 seeds 23200000100..23200000149: 50 games, printed (27, 23, 0)
2026-10-02 19:06:29 rl/results/draft_A_v_fire_2026-10-02/wallace/games/wallace_s0_c02.jsonl: seeds 23200000100..23200000149, 6 s
self-test passed: Wilson 50/100 = 40.38-59.62%, 0/10 = 0-27.75%; paired mean and sd; own turns; lists of 20; a made-up game: arm of the Benched Vulpix followed through a switch (Activate) and its evolution, steps L1-L5, L3v, L4v and the plan's line; attacked-at-all counts; card names in the lists
self-test (Wallace) passed: a made-up game's Wallace on own turn 1 (evolved, not evolved, no target choice); W1, W2, L1w beside L1 and L2; the list is draft A with one Misty (A1 220) replaced by one Wallace (B3b 068)
extract wallace seat 0 seeds 23200000150..23200000199: 50 games, printed (32, 17, 1)
2026-10-02 19:06:35 rl/results/draft_A_v_fire_2026-10-02/wallace/games/wallace_s0_c03.jsonl: seeds 23200000150..23200000199, 6 s
self-test passed: Wilson 50/100 = 40.38-59.62%, 0/10 = 0-27.75%; paired mean and sd; own turns; lists of 20; a made-up game: arm of the Benched Vulpix followed through a switch (Activate) and its evolution, steps L1-L5, L3v, L4v and the plan's line; attacked-at-all counts; card names in the lists
self-test (Wallace) passed: a made-up game's Wallace on own turn 1 (evolved, not evolved, no target choice); W1, W2, L1w beside L1 and L2; the list is draft A with one Misty (A1 220) replaced by one Wallace (B3b 068)
extract wallace seat 0 seeds 23200000200..23200000249: 50 games, printed (25, 25, 0)
2026-10-02 19:06:41 rl/results/draft_A_v_fire_2026-10-02/wallace/games/wallace_s0_c04.jsonl: seeds 23200000200..23200000249, 6 s
self-test passed: Wilson 50/100 = 40.38-59.62%, 0/10 = 0-27.75%; paired mean and sd; own turns; lists of 20; a made-up game: arm of the Benched Vulpix followed through a switch (Activate) and its evolution, steps L1-L5, L3v, L4v and the plan's line; attacked-at-all counts; card names in the lists
self-test (Wallace) passed: a made-up game's Wallace on own turn 1 (evolved, not evolved, no target choice); W1, W2, L1w beside L1 and L2; the list is draft A with one Misty (A1 220) replaced by one Wallace (B3b 068)
extract wallace seat 0 seeds 23200000250..23200000299: 50 games, printed (29, 20, 1)
2026-10-02 19:06:46 rl/results/draft_A_v_fire_2026-10-02/wallace/games/wallace_s0_c05.jsonl: seeds 23200000250..23200000299, 5 s
self-test passed: Wilson 50/100 = 40.38-59.62%, 0/10 = 0-27.75%; paired mean and sd; own turns; lists of 20; a made-up game: arm of the Benched Vulpix followed through a switch (Activate) and its evolution, steps L1-L5, L3v, L4v and the plan's line; attacked-at-all counts; card names in the lists
self-test (Wallace) passed: a made-up game's Wallace on own turn 1 (evolved, not evolved, no target choice); W1, W2, L1w beside L1 and L2; the list is draft A with one Misty (A1 220) replaced by one Wallace (B3b 068)
extract wallace seat 0 seeds 23200000300..23200000349: 50 games, printed (29, 21, 0)
2026-10-02 19:06:52 rl/results/draft_A_v_fire_2026-10-02/wallace/games/wallace_s0_c06.jsonl: seeds 23200000300..23200000349, 6 s
self-test passed: Wilson 50/100 = 40.38-59.62%, 0/10 = 0-27.75%; paired mean and sd; own turns; lists of 20; a made-up game: arm of the Benched Vulpix followed through a switch (Activate) and its evolution, steps L1-L5, L3v, L4v and the plan's line; attacked-at-all counts; card names in the lists
self-test (Wallace) passed: a made-up game's Wallace on own turn 1 (evolved, not evolved, no target choice); W1, W2, L1w beside L1 and L2; the list is draft A with one Misty (A1 220) replaced by one Wallace (B3b 068)
extract wallace seat 0 seeds 23200000350..23200000399: 50 games, printed (34, 16, 0)
2026-10-02 19:06:58 rl/results/draft_A_v_fire_2026-10-02/wallace/games/wallace_s0_c07.jsonl: seeds 23200000350..23200000399, 6 s
self-test passed: Wilson 50/100 = 40.38-59.62%, 0/10 = 0-27.75%; paired mean and sd; own turns; lists of 20; a made-up game: arm of the Benched Vulpix followed through a switch (Activate) and its evolution, steps L1-L5, L3v, L4v and the plan's line; attacked-at-all counts; card names in the lists
self-test (Wallace) passed: a made-up game's Wallace on own turn 1 (evolved, not evolved, no target choice); W1, W2, L1w beside L1 and L2; the list is draft A with one Misty (A1 220) replaced by one Wallace (B3b 068)
extract wallace seat 0 seeds 23200000400..23200000449: 50 games, printed (27, 23, 0)
2026-10-02 19:07:03 rl/results/draft_A_v_fire_2026-10-02/wallace/games/wallace_s0_c08.jsonl: seeds 23200000400..23200000449, 5 s
self-test passed: Wilson 50/100 = 40.38-59.62%, 0/10 = 0-27.75%; paired mean and sd; own turns; lists of 20; a made-up game: arm of the Benched Vulpix followed through a switch (Activate) and its evolution, steps L1-L5, L3v, L4v and the plan's line; attacked-at-all counts; card names in the lists
self-test (Wallace) passed: a made-up game's Wallace on own turn 1 (evolved, not evolved, no target choice); W1, W2, L1w beside L1 and L2; the list is draft A with one Misty (A1 220) replaced by one Wallace (B3b 068)
extract wallace seat 0 seeds 23200000450..23200000499: 50 games, printed (25, 25, 0)
2026-10-02 19:07:08 rl/results/draft_A_v_fire_2026-10-02/wallace/games/wallace_s0_c09.jsonl: seeds 23200000450..23200000499, 5 s
self-test passed: Wilson 50/100 = 40.38-59.62%, 0/10 = 0-27.75%; paired mean and sd; own turns; lists of 20; a made-up game: arm of the Benched Vulpix followed through a switch (Activate) and its evolution, steps L1-L5, L3v, L4v and the plan's line; attacked-at-all counts; card names in the lists
self-test (Wallace) passed: a made-up game's Wallace on own turn 1 (evolved, not evolved, no target choice); W1, W2, L1w beside L1 and L2; the list is draft A with one Misty (A1 220) replaced by one Wallace (B3b 068)
extract wallace seat 1 seeds 23200000500..23200000549: 50 games, printed (14, 36, 0)
2026-10-02 19:07:13 rl/results/draft_A_v_fire_2026-10-02/wallace/games/wallace_s1_c00.jsonl: seeds 23200000500..23200000549, 5 s
self-test passed: Wilson 50/100 = 40.38-59.62%, 0/10 = 0-27.75%; paired mean and sd; own turns; lists of 20; a made-up game: arm of the Benched Vulpix followed through a switch (Activate) and its evolution, steps L1-L5, L3v, L4v and the plan's line; attacked-at-all counts; card names in the lists
self-test (Wallace) passed: a made-up game's Wallace on own turn 1 (evolved, not evolved, no target choice); W1, W2, L1w beside L1 and L2; the list is draft A with one Misty (A1 220) replaced by one Wallace (B3b 068)
extract wallace seat 1 seeds 23200000550..23200000599: 50 games, printed (21, 27, 2)
2026-10-02 19:07:21 rl/results/draft_A_v_fire_2026-10-02/wallace/games/wallace_s1_c01.jsonl: seeds 23200000550..23200000599, 8 s
self-test passed: Wilson 50/100 = 40.38-59.62%, 0/10 = 0-27.75%; paired mean and sd; own turns; lists of 20; a made-up game: arm of the Benched Vulpix followed through a switch (Activate) and its evolution, steps L1-L5, L3v, L4v and the plan's line; attacked-at-all counts; card names in the lists
self-test (Wallace) passed: a made-up game's Wallace on own turn 1 (evolved, not evolved, no target choice); W1, W2, L1w beside L1 and L2; the list is draft A with one Misty (A1 220) replaced by one Wallace (B3b 068)
extract wallace seat 1 seeds 23200000600..23200000649: 50 games, printed (24, 26, 0)
2026-10-02 19:07:26 rl/results/draft_A_v_fire_2026-10-02/wallace/games/wallace_s1_c02.jsonl: seeds 23200000600..23200000649, 5 s
self-test passed: Wilson 50/100 = 40.38-59.62%, 0/10 = 0-27.75%; paired mean and sd; own turns; lists of 20; a made-up game: arm of the Benched Vulpix followed through a switch (Activate) and its evolution, steps L1-L5, L3v, L4v and the plan's line; attacked-at-all counts; card names in the lists
self-test (Wallace) passed: a made-up game's Wallace on own turn 1 (evolved, not evolved, no target choice); W1, W2, L1w beside L1 and L2; the list is draft A with one Misty (A1 220) replaced by one Wallace (B3b 068)
extract wallace seat 1 seeds 23200000650..23200000699: 50 games, printed (20, 30, 0)
2026-10-02 19:07:30 rl/results/draft_A_v_fire_2026-10-02/wallace/games/wallace_s1_c03.jsonl: seeds 23200000650..23200000699, 4 s
self-test passed: Wilson 50/100 = 40.38-59.62%, 0/10 = 0-27.75%; paired mean and sd; own turns; lists of 20; a made-up game: arm of the Benched Vulpix followed through a switch (Activate) and its evolution, steps L1-L5, L3v, L4v and the plan's line; attacked-at-all counts; card names in the lists
self-test (Wallace) passed: a made-up game's Wallace on own turn 1 (evolved, not evolved, no target choice); W1, W2, L1w beside L1 and L2; the list is draft A with one Misty (A1 220) replaced by one Wallace (B3b 068)
extract wallace seat 1 seeds 23200000700..23200000749: 50 games, printed (25, 24, 1)
2026-10-02 19:07:35 rl/results/draft_A_v_fire_2026-10-02/wallace/games/wallace_s1_c04.jsonl: seeds 23200000700..23200000749, 5 s
self-test passed: Wilson 50/100 = 40.38-59.62%, 0/10 = 0-27.75%; paired mean and sd; own turns; lists of 20; a made-up game: arm of the Benched Vulpix followed through a switch (Activate) and its evolution, steps L1-L5, L3v, L4v and the plan's line; attacked-at-all counts; card names in the lists
self-test (Wallace) passed: a made-up game's Wallace on own turn 1 (evolved, not evolved, no target choice); W1, W2, L1w beside L1 and L2; the list is draft A with one Misty (A1 220) replaced by one Wallace (B3b 068)
extract wallace seat 1 seeds 23200000750..23200000799: 50 games, printed (22, 28, 0)
2026-10-02 19:07:40 rl/results/draft_A_v_fire_2026-10-02/wallace/games/wallace_s1_c05.jsonl: seeds 23200000750..23200000799, 5 s
self-test passed: Wilson 50/100 = 40.38-59.62%, 0/10 = 0-27.75%; paired mean and sd; own turns; lists of 20; a made-up game: arm of the Benched Vulpix followed through a switch (Activate) and its evolution, steps L1-L5, L3v, L4v and the plan's line; attacked-at-all counts; card names in the lists
self-test (Wallace) passed: a made-up game's Wallace on own turn 1 (evolved, not evolved, no target choice); W1, W2, L1w beside L1 and L2; the list is draft A with one Misty (A1 220) replaced by one Wallace (B3b 068)
extract wallace seat 1 seeds 23200000800..23200000849: 50 games, printed (16, 34, 0)
2026-10-02 19:07:46 rl/results/draft_A_v_fire_2026-10-02/wallace/games/wallace_s1_c06.jsonl: seeds 23200000800..23200000849, 6 s
self-test passed: Wilson 50/100 = 40.38-59.62%, 0/10 = 0-27.75%; paired mean and sd; own turns; lists of 20; a made-up game: arm of the Benched Vulpix followed through a switch (Activate) and its evolution, steps L1-L5, L3v, L4v and the plan's line; attacked-at-all counts; card names in the lists
self-test (Wallace) passed: a made-up game's Wallace on own turn 1 (evolved, not evolved, no target choice); W1, W2, L1w beside L1 and L2; the list is draft A with one Misty (A1 220) replaced by one Wallace (B3b 068)
extract wallace seat 1 seeds 23200000850..23200000899: 50 games, printed (18, 32, 0)
2026-10-02 19:07:51 rl/results/draft_A_v_fire_2026-10-02/wallace/games/wallace_s1_c07.jsonl: seeds 23200000850..23200000899, 5 s
self-test passed: Wilson 50/100 = 40.38-59.62%, 0/10 = 0-27.75%; paired mean and sd; own turns; lists of 20; a made-up game: arm of the Benched Vulpix followed through a switch (Activate) and its evolution, steps L1-L5, L3v, L4v and the plan's line; attacked-at-all counts; card names in the lists
self-test (Wallace) passed: a made-up game's Wallace on own turn 1 (evolved, not evolved, no target choice); W1, W2, L1w beside L1 and L2; the list is draft A with one Misty (A1 220) replaced by one Wallace (B3b 068)
extract wallace seat 1 seeds 23200000900..23200000949: 50 games, printed (18, 32, 0)
2026-10-02 19:07:57 rl/results/draft_A_v_fire_2026-10-02/wallace/games/wallace_s1_c08.jsonl: seeds 23200000900..23200000949, 6 s
self-test passed: Wilson 50/100 = 40.38-59.62%, 0/10 = 0-27.75%; paired mean and sd; own turns; lists of 20; a made-up game: arm of the Benched Vulpix followed through a switch (Activate) and its evolution, steps L1-L5, L3v, L4v and the plan's line; attacked-at-all counts; card names in the lists
self-test (Wallace) passed: a made-up game's Wallace on own turn 1 (evolved, not evolved, no target choice); W1, W2, L1w beside L1 and L2; the list is draft A with one Misty (A1 220) replaced by one Wallace (B3b 068)
extract wallace seat 1 seeds 23200000950..23200000999: 50 games, printed (20, 29, 1)
2026-10-02 19:08:03 rl/results/draft_A_v_fire_2026-10-02/wallace/games/wallace_s1_c09.jsonl: seeds 23200000950..23200000999, 6 s
2026-10-02 19:08:03 games done; report
self-test passed: Wilson 50/100 = 40.38-59.62%, 0/10 = 0-27.75%; paired mean and sd; own turns; lists of 20; a made-up game: arm of the Benched Vulpix followed through a switch (Activate) and its evolution, steps L1-L5, L3v, L4v and the plan's line; attacked-at-all counts; card names in the lists
self-test (Wallace) passed: a made-up game's Wallace on own turn 1 (evolved, not evolved, no target choice); W1, W2, L1w beside L1 and L2; the list is draft A with one Misty (A1 220) replaced by one Wallace (B3b 068)
Written: /mnt/c/Users/dacz8/Projects/Pocket Deck Sim/PocketDeckSim/rl/results/draft_A_v_fire_2026-10-02/wallace/RESULTS.md
2026-10-02 19:08:03 done
