self-check passed: edges 349/350/418/419 (n 1,920) and 78/79/113/114 (n 480); untrusted rule; Supporter turns
# Floor check: 01-muk-glimmora-kingambit-regigigas

**Verdict: fail.** 307 wins in 1920 games (15.99%) against the 8 lists in decks/screen/opponents. Bar 20% with the screen's own noise ±1.79 points at this n: 349 wins or fewer fail, 350-418 are borderline, 419 or more clear the floor.
Flagged cards (the bot is known not to price them fully): Kingambit as attacker: used on 775 of 776 opportunities (99.9%). A share under 25% of at least 20 opportunities is a flag for a person to look at.
Written: /mnt/c/Users/dacz8/Projects/Pocket Deck Sim/PocketDeckSim/rl/results/floor_dustin_2026-09-30/01-muk-glimmora-kingambit-regigigas.md
self-check passed: edges 349/350/418/419 (n 1,920) and 78/79/113/114 (n 480); untrusted rule; Supporter turns
# Floor check: 02-arceus-crobat

**Verdict: clears the floor.** 579 wins in 1920 games (30.16%) against the 8 lists in decks/screen/opponents. Bar 20% with the screen's own noise ±1.79 points at this n: 349 wins or fewer fail, 350-418 are borderline, 419 or more clear the floor.
Flagged cards (the bot is known not to price them fully): Lucky Egg as Trainer (played): used on 1192 of 2137 opportunities (55.8%). A share under 25% of at least 20 opportunities is a flag for a person to look at.
Written: /mnt/c/Users/dacz8/Projects/Pocket Deck Sim/PocketDeckSim/rl/results/floor_dustin_2026-09-30/02-arceus-crobat.md
self-check passed: edges 349/350/418/419 (n 1,920) and 78/79/113/114 (n 480); untrusted rule; Supporter turns
# Floor check: 03-wailord-indeedee-wall

**Verdict: clears the floor.** 1178 wins in 1920 games (61.35%) against the 8 lists in decks/screen/opponents. Bar 20% with the screen's own noise ±1.79 points at this n: 349 wins or fewer fail, 350-418 are borderline, 419 or more clear the floor.
Flagged cards (the bot is known not to price them fully): none. A share under 25% of at least 20 opportunities is a flag for a person to look at.
Written: /mnt/c/Users/dacz8/Projects/Pocket Deck Sim/PocketDeckSim/rl/results/floor_dustin_2026-09-30/03-wailord-indeedee-wall.md
self-check passed: edges 349/350/418/419 (n 1,920) and 78/79/113/114 (n 480); untrusted rule; Supporter turns
# Floor check: 04-absol-hoopa-darkrai

**Verdict: clears the floor.** 627 wins in 1920 games (32.66%) against the 8 lists in decks/screen/opponents. Bar 20% with the screen's own noise ±1.79 points at this n: 349 wins or fewer fail, 350-418 are borderline, 419 or more clear the floor.
Flagged cards (the bot is known not to price them fully): Absol as attacker: used on 659 of 855 opportunities (77.1%); Happiny as attacker: used on 316 of 824 opportunities (38.3%). A share under 25% of at least 20 opportunities is a flag for a person to look at.
Written: /mnt/c/Users/dacz8/Projects/Pocket Deck Sim/PocketDeckSim/rl/results/floor_dustin_2026-09-30/04-absol-hoopa-darkrai.md
self-check passed: edges 349/350/418/419 (n 1,920) and 78/79/113/114 (n 480); untrusted rule; Supporter turns
# Floor check: 05-indeedee-stoutland

**Verdict: clears the floor.** 578 wins in 1920 games (30.10%) against the 8 lists in decks/screen/opponents. Bar 20% with the screen's own noise ±1.79 points at this n: 349 wins or fewer fail, 350-418 are borderline, 419 or more clear the floor.
Flagged cards (the bot is known not to price them fully): Cheren as Trainer (played): used on 433 of 2152 opportunities (20.1%). A share under 25% of at least 20 opportunities is a flag for a person to look at.
Written: /mnt/c/Users/dacz8/Projects/Pocket Deck Sim/PocketDeckSim/rl/results/floor_dustin_2026-09-30/05-indeedee-stoutland.md
self-check passed: edges 349/350/418/419 (n 1,920) and 78/79/113/114 (n 480); untrusted rule; Supporter turns
# Floor check: 06-mega-blaziken-tournament-list

**Verdict: clears the floor.** 1110 wins in 1920 games (57.81%) against the 8 lists in decks/screen/opponents. Bar 20% with the screen's own noise ±1.79 points at this n: 349 wins or fewer fail, 350-418 are borderline, 419 or more clear the floor.
Flagged cards (the bot is known not to price them fully): Rocky Helmet as Trainer (played): used on 1270 of 1859 opportunities (68.3%). A share under 25% of at least 20 opportunities is a flag for a person to look at.
Written: /mnt/c/Users/dacz8/Projects/Pocket Deck Sim/PocketDeckSim/rl/results/floor_dustin_2026-09-30/06-mega-blaziken-tournament-list.md
self-check passed: edges 349/350/418/419 (n 1,920) and 78/79/113/114 (n 480); untrusted rule; Supporter turns
# Floor check: 08-garchomp-toolbox

**Verdict: clears the floor.** 500 wins in 1920 games (26.04%) against the 8 lists in decks/screen/opponents. Bar 20% with the screen's own noise ±1.79 points at this n: 349 wins or fewer fail, 350-418 are borderline, 419 or more clear the floor.
Flagged cards (the bot is known not to price them fully): Garchomp as bench piece/passive ability: used on 1417 of 1541 opportunities (92.0%). A share under 25% of at least 20 opportunities is a flag for a person to look at.
Written: /mnt/c/Users/dacz8/Projects/Pocket Deck Sim/PocketDeckSim/rl/results/floor_dustin_2026-09-30/08-garchomp-toolbox.md
self-check passed: edges 349/350/418/419 (n 1,920) and 78/79/113/114 (n 480); untrusted rule; Supporter turns
# Floor check: 09-mega-manectric-heliolisk

**Verdict: clears the floor.** 1124 wins in 1920 games (58.54%) against the 8 lists in decks/screen/opponents. Bar 20% with the screen's own noise ±1.79 points at this n: 349 wins or fewer fail, 350-418 are borderline, 419 or more clear the floor.
Flagged cards (the bot is known not to price them fully): none. A share under 25% of at least 20 opportunities is a flag for a person to look at.
Written: /mnt/c/Users/dacz8/Projects/Pocket Deck Sim/PocketDeckSim/rl/results/floor_dustin_2026-09-30/09-mega-manectric-heliolisk.md
self-check passed: edges 349/350/418/419 (n 1,920) and 78/79/113/114 (n 480); untrusted rule; Supporter turns
# Floor check: 10-xatu-oricorio-tr-weezing

**Verdict: fail.** 324 wins in 1920 games (16.88%) against the 8 lists in decks/screen/opponents. Bar 20% with the screen's own noise ±1.79 points at this n: 349 wins or fewer fail, 350-418 are borderline, 419 or more clear the floor.
Flagged cards (the bot is known not to price them fully): Poison Barb as Trainer (played): used on 2513 of 3686 opportunities (68.2%); Xatu as attacker: used on 981 of 1050 opportunities (93.4%). A share under 25% of at least 20 opportunities is a flag for a person to look at.
Written: /mnt/c/Users/dacz8/Projects/Pocket Deck Sim/PocketDeckSim/rl/results/floor_dustin_2026-09-30/10-xatu-oricorio-tr-weezing.md
self-check passed: edges 349/350/418/419 (n 1,920) and 78/79/113/114 (n 480); untrusted rule; Supporter turns
# Floor check: 11-archaludon-haxorus-dragonair

**Verdict: untrusted.** 295 wins in 1920 games (15.36%) against the 8 lists in decks/screen/opponents. Bar 20% with the screen's own noise ±1.79 points at this n: 349 wins or fewer fail, 350-418 are borderline, 419 or more clear the floor.
Flagged cards (the bot is known not to price them fully): Archaludon as attacker: used on 424 of 429 opportunities (98.8%); Iris as Trainer (played): used on 233 of 3068 opportunities (7.6%). A share under 25% of at least 20 opportunities is a flag for a person to look at.
Written: /mnt/c/Users/dacz8/Projects/Pocket Deck Sim/PocketDeckSim/rl/results/floor_dustin_2026-09-30/11-archaludon-haxorus-dragonair.md
self-check passed: edges 349/350/418/419 (n 1,920) and 78/79/113/114 (n 480); untrusted rule; Supporter turns
# Floor check: 12-ariados-whimsicott-ogerpon

**Verdict: clears the floor.** 602 wins in 1920 games (31.35%) against the 8 lists in decks/screen/opponents. Bar 20% with the screen's own noise ±1.79 points at this n: 349 wins or fewer fail, 350-418 are borderline, 419 or more clear the floor.
Flagged cards (the bot is known not to price them fully): Team Rocket's Goo-zooka as Trainer (played): used on 1858 of 5380 opportunities (34.5%); Whimsicott ex as attacker: used on 2151 of 2187 opportunities (98.4%). A share under 25% of at least 20 opportunities is a flag for a person to look at.
Written: /mnt/c/Users/dacz8/Projects/Pocket Deck Sim/PocketDeckSim/rl/results/floor_dustin_2026-09-30/12-ariados-whimsicott-ogerpon.md
self-check passed: edges 349/350/418/419 (n 1,920) and 78/79/113/114 (n 480); untrusted rule; Supporter turns
# Floor check: 13-a-ninetales-raticate

**Verdict: clears the floor.** 1068 wins in 1920 games (55.62%) against the 8 lists in decks/screen/opponents. Bar 20% with the screen's own noise ±1.79 points at this n: 349 wins or fewer fail, 350-418 are borderline, 419 or more clear the floor.
Flagged cards (the bot is known not to price them fully): Alolan Ninetales ex as attacker: used on 4251 of 4369 opportunities (97.3%). A share under 25% of at least 20 opportunities is a flag for a person to look at.
Written: /mnt/c/Users/dacz8/Projects/Pocket Deck Sim/PocketDeckSim/rl/results/floor_dustin_2026-09-30/13-a-ninetales-raticate.md
self-check passed: edges 349/350/418/419 (n 1,920) and 78/79/113/114 (n 480); untrusted rule; Supporter turns
# Floor check: 14-comfey-raticate-hypno

**Verdict: untrusted.** 321 wins in 1920 games (16.72%) against the 8 lists in decks/screen/opponents. Bar 20% with the screen's own noise ±1.79 points at this n: 349 wins or fewer fail, 350-418 are borderline, 419 or more clear the floor.
Flagged cards (the bot is known not to price them fully): Team Rocket's Goo-zooka as Trainer (played): used on 185 of 4473 opportunities (4.1%); Team Rocket's Hypno as attacker: used on 1234 of 1361 opportunities (90.7%); Team Rocket's Researcher as Trainer (played): used on 1040 of 1294 opportunities (80.4%). A share under 25% of at least 20 opportunities is a flag for a person to look at.
Written: /mnt/c/Users/dacz8/Projects/Pocket Deck Sim/PocketDeckSim/rl/results/floor_dustin_2026-09-30/14-comfey-raticate-hypno.md
self-check passed: edges 349/350/418/419 (n 1,920) and 78/79/113/114 (n 480); untrusted rule; Supporter turns
# Floor check: 15-jolteon-oricorio-raticate

**Verdict: clears the floor.** 698 wins in 1920 games (36.35%) against the 8 lists in decks/screen/opponents. Bar 20% with the screen's own noise ±1.79 points at this n: 349 wins or fewer fail, 350-418 are borderline, 419 or more clear the floor.
Flagged cards (the bot is known not to price them fully): Team Rocket's Goo-zooka as Trainer (played): used on 175 of 4590 opportunities (3.8%). A share under 25% of at least 20 opportunities is a flag for a person to look at.
Written: /mnt/c/Users/dacz8/Projects/Pocket Deck Sim/PocketDeckSim/rl/results/floor_dustin_2026-09-30/15-jolteon-oricorio-raticate.md
self-check passed: edges 349/350/418/419 (n 1,920) and 78/79/113/114 (n 480); untrusted rule; Supporter turns
# Floor check: brew-02-arceus-tandemaus-persian

**Verdict: fail.** 268 wins in 1920 games (13.96%) against the 8 lists in decks/screen/opponents. Bar 20% with the screen's own noise ±1.79 points at this n: 349 wins or fewer fail, 350-418 are borderline, 419 or more clear the floor.
Flagged cards (the bot is known not to price them fully): Maushold as attacker: used on 2194 of 2313 opportunities (94.9%). A share under 25% of at least 20 opportunities is a flag for a person to look at.
Written: /mnt/c/Users/dacz8/Projects/Pocket Deck Sim/PocketDeckSim/rl/results/floor_dustin_2026-09-30/brew-02-arceus-tandemaus-persian.md
self-check passed: edges 349/350/418/419 (n 1,920) and 78/79/113/114 (n 480); untrusted rule; Supporter turns
# Floor check: brew-03b-arceus-crobat-nihilego-toxapex

**Verdict: borderline.** 397 wins in 1920 games (20.68%) against the 8 lists in decks/screen/opponents. Bar 20% with the screen's own noise ±1.79 points at this n: 349 wins or fewer fail, 350-418 are borderline, 419 or more clear the floor.
Flagged cards (the bot is known not to price them fully): Mareanie as attacker: used on 111 of 123 opportunities (90.2%); Team Rocket's Goo-zooka as Trainer (played): used on 92 of 4449 opportunities (2.1%); Toxapex as attacker: used on 426 of 491 opportunities (86.8%). A share under 25% of at least 20 opportunities is a flag for a person to look at.
Written: /mnt/c/Users/dacz8/Projects/Pocket Deck Sim/PocketDeckSim/rl/results/floor_dustin_2026-09-30/brew-03b-arceus-crobat-nihilego-toxapex.md
self-check passed: edges 349/350/418/419 (n 1,920) and 78/79/113/114 (n 480); untrusted rule; Supporter turns
# Floor check: brew-07-hoopa-darkrai-sableye

**Verdict: clears the floor.** 1168 wins in 1920 games (60.83%) against the 8 lists in decks/screen/opponents. Bar 20% with the screen's own noise ±1.79 points at this n: 349 wins or fewer fail, 350-418 are borderline, 419 or more clear the floor.
Flagged cards (the bot is known not to price them fully): Mega Sableye ex as attacker: used on 1088 of 1195 opportunities (91.0%). A share under 25% of at least 20 opportunities is a flag for a person to look at.
Written: /mnt/c/Users/dacz8/Projects/Pocket Deck Sim/PocketDeckSim/rl/results/floor_dustin_2026-09-30/brew-07-hoopa-darkrai-sableye.md
self-check passed: edges 349/350/418/419 (n 1,920) and 78/79/113/114 (n 480); untrusted rule; Supporter turns
# Floor check: brew-08-entei-rainbow-cave

**Verdict: clears the floor.** 1067 wins in 1920 games (55.57%) against the 8 lists in decks/screen/opponents. Bar 20% with the screen's own noise ±1.79 points at this n: 349 wins or fewer fail, 350-418 are borderline, 419 or more clear the floor.
Flagged cards (the bot is known not to price them fully): none. A share under 25% of at least 20 opportunities is a flag for a person to look at.
Written: /mnt/c/Users/dacz8/Projects/Pocket Deck Sim/PocketDeckSim/rl/results/floor_dustin_2026-09-30/brew-08-entei-rainbow-cave.md
self-check passed: edges 349/350/418/419 (n 1,920) and 78/79/113/114 (n 480); untrusted rule; Supporter turns
# Floor check: brew-09-sableye-obstagoon

**Verdict: clears the floor.** 835 wins in 1920 games (43.49%) against the 8 lists in decks/screen/opponents. Bar 20% with the screen's own noise ±1.79 points at this n: 349 wins or fewer fail, 350-418 are borderline, 419 or more clear the floor.
Flagged cards (the bot is known not to price them fully): Galarian Obstagoon as attacker: used on 1033 of 1048 opportunities (98.6%); Mega Sableye ex as attacker: used on 4326 of 4499 opportunities (96.2%). A share under 25% of at least 20 opportunities is a flag for a person to look at.
Written: /mnt/c/Users/dacz8/Projects/Pocket Deck Sim/PocketDeckSim/rl/results/floor_dustin_2026-09-30/brew-09-sableye-obstagoon.md
self-check passed: edges 349/350/418/419 (n 1,920) and 78/79/113/114 (n 480); untrusted rule; Supporter turns
# Floor check: brew-10-diancie-giratina

**Verdict: clears the floor.** 779 wins in 1920 games (40.57%) against the 8 lists in decks/screen/opponents. Bar 20% with the screen's own noise ±1.79 points at this n: 349 wins or fewer fail, 350-418 are borderline, 419 or more clear the floor.
Flagged cards (the bot is known not to price them fully): none. A share under 25% of at least 20 opportunities is a flag for a person to look at.
Written: /mnt/c/Users/dacz8/Projects/Pocket Deck Sim/PocketDeckSim/rl/results/floor_dustin_2026-09-30/brew-10-diancie-giratina.md
