Frozen 126 events: 63 holdout, 63 development. No outcomes inspected.
Event 1/126 6a8ea2690580a332c8420304 development
200 6a8ea2690580a332c8420304_details 376 bytes ["50-in-5min"; r=46; t=137]
Rate-limit wait 2.9s
200 6a8ea2690580a332c8420304_standings 30183 bytes ["50-in-5min"; r=45; t=134]
Rate-limit wait 2.9s
200 6a8ea2690580a332c8420304_pairings 8239 bytes ["50-in-5min"; r=44; t=130]
Event 2/126 6a8b75058302ae761e5fab7e development
Rate-limit wait 2.9s
200 6a8b75058302ae761e5fab7e_details 392 bytes ["50-in-5min"; r=49; t=300]
Rate-limit wait 6.0s
200 6a8b75058302ae761e5fab7e_standings 86984 bytes ["50-in-5min"; r=48; t=294]
Rate-limit wait 6.1s
200 6a8b75058302ae761e5fab7e_pairings 22573 bytes ["50-in-5min"; r=47; t=287]
Event 3/126 6a8f27e57a62de813013fb20 development
Rate-limit wait 6.0s
200 6a8f27e57a62de813013fb20_details 375 bytes ["50-in-5min"; r=43; t=107]
Rate-limit wait 2.4s
200 6a8f27e57a62de813013fb20_standings 72601 bytes ["50-in-5min"; r=46; t=278]
Rate-limit wait 6.0s
200 6a8f27e57a62de813013fb20_pairings 17968 bytes ["50-in-5min"; r=42; t=98]
Event 4/126 6a8de28f0580a332c841fd99 development
Rate-limit wait 2.2s
200 6a8de28f0580a332c841fd99_details 392 bytes ["50-in-5min"; r=45; t=269]
Rate-limit wait 5.8s
200 6a8de28f0580a332c841fd99_standings 24222 bytes ["50-in-5min"; r=44; t=262]
Rate-limit wait 5.9s
200 6a8de28f0580a332c841fd99_pairings 28676 bytes ["50-in-5min"; r=41; t=82]
Event 5/126 6a8f4c087a62de813013fd3d development
Rate-limit wait 1.9s
200 6a8f4c087a62de813013fd3d_details 545 bytes ["50-in-5min"; r=43; t=254]
Rate-limit wait 5.8s
200 6a8f4c087a62de813013fd3d_standings 1782 bytes ["50-in-5min"; r=42; t=247]
Rate-limit wait 5.7s
200 6a8f4c087a62de813013fd3d_pairings 2509 bytes ["50-in-5min"; r=40; t=67]
Event 6/126 6a827b0778baaa6d1c221f3f development
Rate-limit wait 1.6s
200 6a827b0778baaa6d1c221f3f_details 317 bytes ["50-in-5min"; r=39; t=65]
Rate-limit wait 1.6s
200 6a827b0778baaa6d1c221f3f_standings 8439 bytes ["50-in-5min"; r=38; t=63]
Rate-limit wait 1.6s
200 6a827b0778baaa6d1c221f3f_pairings 1141 bytes ["50-in-5min"; r=41; t=235]
Event 7/126 6a8b7ef58302ae761e5fac0a development
Rate-limit wait 5.6s
200 6a8b7ef58302ae761e5fac0a_details 498 bytes ["50-in-5min"; r=37; t=55]
Rate-limit wait 1.3s
200 6a8b7ef58302ae761e5fac0a_standings 16444 bytes ["50-in-5min"; r=40; t=227]
Rate-limit wait 5.5s
Frozen 126 events: 63 holdout, 63 development. No outcomes inspected.
Event 1/126 6a8ea2690580a332c8420304 development
Event 2/126 6a8b75058302ae761e5fab7e development
Event 3/126 6a8f27e57a62de813013fb20 development
Event 4/126 6a8de28f0580a332c841fd99 development
Event 5/126 6a8f4c087a62de813013fd3d development
Event 6/126 6a827b0778baaa6d1c221f3f development
Event 7/126 6a8b7ef58302ae761e5fac0a development
200 6a8b7ef58302ae761e5fac0a_pairings 14741 bytes ["50-in-5min"; r=39; t=218]
Event 8/126 6a91426eabb94822375023de development
Rate-limit wait 0.2s
200 6a91426eabb94822375023de_details 358 bytes ["50-in-5min"; r=38; t=217]
Rate-limit wait 0.2s
200 6a91426eabb94822375023de_standings 22028 bytes ["50-in-5min"; r=36; t=43]
Rate-limit wait 0.2s
200 6a91426eabb94822375023de_pairings 6402 bytes ["50-in-5min"; r=35; t=42]
Event 9/126 6a901ac60580a332c8420eaa development
Rate-limit wait 0.2s
200 6a901ac60580a332c8420eaa_details 397 bytes ["50-in-5min"; r=37; t=215]
Rate-limit wait 0.2s
200 6a901ac60580a332c8420eaa_standings 140379 bytes ["50-in-5min"; r=36; t=214]
Rate-limit wait 0.2s
200 6a901ac60580a332c8420eaa_pairings 34327 bytes ["50-in-5min"; r=34; t=40]
Event 10/126 6a90e8157a62de8130140dee development
Rate-limit wait 0.2s
200 6a90e8157a62de8130140dee_details 388 bytes ["50-in-5min"; r=35; t=213]
Rate-limit wait 0.2s
200 6a90e8157a62de8130140dee_standings 102288 bytes ["50-in-5min"; r=34; t=212]
Rate-limit wait 0.2s
200 6a90e8157a62de8130140dee_pairings 29081 bytes ["50-in-5min"; r=33; t=212]
Event 11/126 6a88ce398302ae761e5f8954 development
Rate-limit wait 0.2s
200 6a88ce398302ae761e5f8954_details 379 bytes ["50-in-5min"; r=33; t=37]
Rate-limit wait 0.2s
200 6a88ce398302ae761e5f8954_standings 25959 bytes ["50-in-5min"; r=32; t=210]
Rate-limit wait 0.2s
200 6a88ce398302ae761e5f8954_pairings 6095 bytes ["50-in-5min"; r=31; t=210]
Event 12/126 6a918b3d629039f77d8a40ca development
Rate-limit wait 0.2s
200 6a918b3d629039f77d8a40ca_details 440 bytes ["50-in-5min"; r=30; t=209]
Rate-limit wait 0.2s
200 6a918b3d629039f77d8a40ca_standings 72141 bytes ["50-in-5min"; r=32; t=34]
Rate-limit wait 0.1s
200 6a918b3d629039f77d8a40ca_pairings 14678 bytes ["50-in-5min"; r=29; t=207]
Event 13/126 6a8c5eb881741245b151d7e3 development
Rate-limit wait 0.2s
200 6a8c5eb881741245b151d7e3_details 484 bytes ["50-in-5min"; r=31; t=33]
Rate-limit wait 0.2s
200 6a8c5eb881741245b151d7e3_standings 413209 bytes ["50-in-5min"; r=30; t=32]
Rate-limit wait 0.2s
200 6a8c5eb881741245b151d7e3_pairings 101927 bytes ["50-in-5min"; r=29; t=31]
Event 14/126 6a90c1890580a332c842170e development
Rate-limit wait 0.2s
200 6a90c1890580a332c842170e_details 395 bytes ["50-in-5min"; r=28; t=204]
Rate-limit wait 0.2s
200 6a90c1890580a332c842170e_standings 115828 bytes ["50-in-5min"; r=27; t=204]
Rate-limit wait 0.2s
200 6a90c1890580a332c842170e_pairings 28257 bytes ["50-in-5min"; r=26; t=203]
Event 15/126 6a947113629039f77d8a5c46 development
Rate-limit wait 0.1s
200 6a947113629039f77d8a5c46_details 358 bytes ["50-in-5min"; r=25; t=202]
Rate-limit wait 0.1s
200 6a947113629039f77d8a5c46_standings 60289 bytes ["50-in-5min"; r=28; t=28]
Rate-limit wait 0.2s
200 6a947113629039f77d8a5c46_pairings 16401 bytes ["50-in-5min"; r=24; t=201]
Event 16/126 6a96b86babb948223750549c development
Rate-limit wait 0.1s
200 6a96b86babb948223750549c_details 358 bytes ["50-in-5min"; r=27; t=26]
Rate-limit wait 0.1s
200 6a96b86babb948223750549c_standings 50025 bytes ["50-in-5min"; r=26; t=26]
Rate-limit wait 0.2s
200 6a96b86babb948223750549c_pairings 14328 bytes ["50-in-5min"; r=25; t=25]
Event 17/126 6a96069dabb9482237504f7f development
Rate-limit wait 0.1s
200 6a96069dabb9482237504f7f_details 398 bytes ["50-in-5min"; r=24; t=24]
Rate-limit wait 0.2s
200 6a96069dabb9482237504f7f_standings 121697 bytes ["50-in-5min"; r=23; t=197]
Rate-limit wait 0.2s
200 6a96069dabb9482237504f7f_pairings 29578 bytes ["50-in-5min"; r=22; t=197]
Event 18/126 6a94b2ffabb9482237504367 development
Rate-limit wait 0.2s
200 6a94b2ffabb9482237504367_details 387 bytes ["50-in-5min"; r=23; t=22]
Rate-limit wait 0.2s
200 6a94b2ffabb9482237504367_standings 119245 bytes ["50-in-5min"; r=21; t=195]
Rate-limit wait 0.2s
200 6a94b2ffabb9482237504367_pairings 29552 bytes ["50-in-5min"; r=20; t=194]
Event 19/126 6a981923a4272c53be644ca8 development
Rate-limit wait 0.1s
200 6a981923a4272c53be644ca8_details 375 bytes ["50-in-5min"; r=19; t=194]
Rate-limit wait 0.2s
200 6a981923a4272c53be644ca8_standings 33007 bytes ["50-in-5min"; r=22; t=19]
Rate-limit wait 0.2s
200 6a981923a4272c53be644ca8_pairings 9379 bytes ["50-in-5min"; r=18; t=192]
Event 20/126 6a9718fd629039f77d8a790e development
Rate-limit wait 0.2s
200 6a9718fd629039f77d8a790e_details 398 bytes ["50-in-5min"; r=17; t=192]
Rate-limit wait 0.2s
200 6a9718fd629039f77d8a790e_standings 131340 bytes ["50-in-5min"; r=16; t=191]
Rate-limit wait 0.2s
200 6a9718fd629039f77d8a790e_pairings 30957 bytes ["50-in-5min"; r=15; t=190]
Event 21/126 6a985d35ab080c8c957f7fac development
Rate-limit wait 0.2s
200 6a985d35ab080c8c957f7fac_details 375 bytes ["50-in-5min"; r=14; t=189]
Rate-limit wait 0.2s
200 6a985d35ab080c8c957f7fac_standings 85351 bytes ["50-in-5min"; r=13; t=189]
Rate-limit wait 0.2s
200 6a985d35ab080c8c957f7fac_pairings 24088 bytes ["50-in-5min"; r=21; t=14]
Event 22/126 6a92710aabb9482237502fc0 development
Rate-limit wait 0.2s
200 6a92710aabb9482237502fc0_details 381 bytes ["50-in-5min"; r=12; t=187]
Rate-limit wait 0.2s
200 6a92710aabb9482237502fc0_standings 21687 bytes ["50-in-5min"; r=11; t=187]
Rate-limit wait 0.2s
200 6a92710aabb9482237502fc0_pairings 3477 bytes ["50-in-5min"; r=20; t=12]
Event 23/126 6a98b6dfab080c8c957f8554 development
Rate-limit wait 0.2s
200 6a98b6dfab080c8c957f8554_details 370 bytes ["50-in-5min"; r=10; t=186]
Rate-limit wait 0.2s
200 6a98b6dfab080c8c957f8554_standings 52822 bytes ["50-in-5min"; r=19; t=10]
Rate-limit wait 0.2s
200 6a98b6dfab080c8c957f8554_pairings 13767 bytes ["50-in-5min"; r=18; t=9]
Event 24/126 6a98fd1ba4272c53be6457c3 development
Rate-limit wait 0.2s
200 6a98fd1ba4272c53be6457c3_details 382 bytes ["50-in-5min"; r=17; t=9]
Rate-limit wait 0.2s
200 6a98fd1ba4272c53be6457c3_standings 56630 bytes ["50-in-5min"; r=9; t=182]
Rate-limit wait 0.2s
200 6a98fd1ba4272c53be6457c3_pairings 14328 bytes ["50-in-5min"; r=8; t=181]
Event 25/126 6a99bbffa4272c53be645f44 development
Rate-limit wait 0.2s
200 6a99bbffa4272c53be645f44_details 382 bytes ["50-in-5min"; r=16; t=7]
Rate-limit wait 0.2s
200 6a99bbffa4272c53be645f44_standings 65695 bytes ["50-in-5min"; r=15; t=6]
Rate-limit wait 0.2s
200 6a99bbffa4272c53be645f44_pairings 16725 bytes ["50-in-5min"; r=14; t=5]
Event 26/126 6a9b22fba4272c53be646f96 development
Rate-limit wait 0.2s
200 6a9b22fba4272c53be646f96_details 373 bytes ["50-in-5min"; r=7; t=179]
Rate-limit wait 0.2s
200 6a9b22fba4272c53be646f96_standings 14955 bytes ["50-in-5min"; r=6; t=178]
Rate-limit wait 0.2s
200 6a9b22fba4272c53be646f96_pairings 3129 bytes ["50-in-5min"; r=5; t=177]
Event 27/126 6a9836ffa4272c53be644df4 development
Rate-limit wait 0.2s
200 6a9836ffa4272c53be644df4_details 308 bytes ["50-in-5min"; r=13; t=3]
Rate-limit wait 0.2s
200 6a9836ffa4272c53be644df4_standings 25168 bytes ["50-in-5min"; r=4; t=176]
Rate-limit wait 0.2s
200 6a9836ffa4272c53be644df4_pairings 2938 bytes ["50-in-5min"; r=3; t=175]
Event 28/126 6a78c5912b308b6067b4f421 development
Rate-limit wait 0.2s
200 6a78c5912b308b6067b4f421_details 371 bytes ["50-in-5min"; r=12; t=1]
Rate-limit wait 0.2s
200 6a78c5912b308b6067b4f421_standings 125015 bytes ["50-in-5min"; r=49; t=300]
Rate-limit wait 0.2s
200 6a78c5912b308b6067b4f421_pairings 37599 bytes ["50-in-5min"; r=2; t=173]
Event 29/126 6a789b5ccdc0391d7fa61ba9 development
Rate-limit wait 0.2s
200 6a789b5ccdc0391d7fa61ba9_details 389 bytes ["50-in-5min"; r=1; t=172]
Rate-limit wait 0.2s
200 6a789b5ccdc0391d7fa61ba9_standings 130520 bytes ["50-in-5min"; r=0; t=172]
Rate-limit wait 172.9s
200 6a789b5ccdc0391d7fa61ba9_pairings 30714 bytes ["50-in-5min"; r=48; t=125]
Event 30/126 6a9c4f47a4272c53be647ff7 development
Rate-limit wait 0.2s
200 6a9c4f47a4272c53be647ff7_details 367 bytes ["50-in-5min"; r=47; t=124]
Rate-limit wait 0.1s
200 6a9c4f47a4272c53be647ff7_standings 8264 bytes ["50-in-5min"; r=46; t=124]
Rate-limit wait 0.3s
200 6a9c4f47a4272c53be647ff7_pairings 2522 bytes ["50-in-5min"; r=45; t=123]
Event 31/126 6a9b4f52ab080c8c957fa3d7 development
Rate-limit wait 0.1s
200 6a9b4f52ab080c8c957fa3d7_details 384 bytes ["50-in-5min"; r=44; t=122]
Rate-limit wait 0.2s
200 6a9b4f52ab080c8c957fa3d7_standings 103414 bytes ["50-in-5min"; r=49; t=300]
Rate-limit wait 0.3s
200 6a9b4f52ab080c8c957fa3d7_pairings 30211 bytes ["50-in-5min"; r=48; t=300]
Event 32/126 6a9d5a0bab080c8c957fbb20 development
Rate-limit wait 0.2s
200 6a9d5a0bab080c8c957fbb20_details 375 bytes ["50-in-5min"; r=43; t=120]
Rate-limit wait 0.2s
200 6a9d5a0bab080c8c957fbb20_standings 36215 bytes ["50-in-5min"; r=47; t=298]
Rate-limit wait 0.2s
200 6a9d5a0bab080c8c957fbb20_pairings 8631 bytes ["50-in-5min"; r=46; t=298]
Event 33/126 6a9d55b3ab080c8c957fbaa6 development
Rate-limit wait 0.1s
200 6a9d55b3ab080c8c957fbaa6_details 382 bytes ["50-in-5min"; r=42; t=118]
Rate-limit wait 0.2s
200 6a9d55b3ab080c8c957fbaa6_standings 70092 bytes ["50-in-5min"; r=41; t=117]
Rate-limit wait 0.3s
200 6a9d55b3ab080c8c957fbaa6_pairings 14672 bytes ["50-in-5min"; r=40; t=117]
Event 34/126 6a9dc423ab080c8c957fc250 development
Rate-limit wait 0.1s
200 6a9dc423ab080c8c957fc250_details 375 bytes ["50-in-5min"; r=39; t=116]
Rate-limit wait 0.2s
200 6a9dc423ab080c8c957fc250_standings 125933 bytes ["50-in-5min"; r=45; t=294]
Rate-limit wait 0.3s
200 6a9dc423ab080c8c957fc250_pairings 36813 bytes ["50-in-5min"; r=38; t=115]
Event 35/126 6a9829c8a4272c53be644d74 development
Rate-limit wait 0.1s
200 6a9829c8a4272c53be644d74_details 389 bytes ["50-in-5min"; r=37; t=114]
Rate-limit wait 0.3s
200 6a9829c8a4272c53be644d74_standings 145075 bytes ["50-in-5min"; r=44; t=292]
Rate-limit wait 0.2s
200 6a9829c8a4272c53be644d74_pairings 37446 bytes ["50-in-5min"; r=36; t=113]
Event 36/126 6a9f6899a4272c53be64a894 development
Rate-limit wait 0.1s
200 6a9f6899a4272c53be64a894_details 383 bytes ["50-in-5min"; r=43; t=291]
Rate-limit wait 0.2s
200 6a9f6899a4272c53be64a894_standings 187212 bytes ["50-in-5min"; r=42; t=290]
Rate-limit wait 0.2s
200 6a9f6899a4272c53be64a894_pairings 48736 bytes ["50-in-5min"; r=35; t=110]
Event 37/126 6aa13feaa4272c53be64b94a development
Rate-limit wait 0.1s
200 6aa13feaa4272c53be64b94a_details 374 bytes ["50-in-5min"; r=34; t=110]
Rate-limit wait 0.2s
200 6aa13feaa4272c53be64b94a_standings 51805 bytes ["50-in-5min"; r=41; t=288]
Rate-limit wait 0.2s
200 6aa13feaa4272c53be64b94a_pairings 12163 bytes ["50-in-5min"; r=33; t=108]
Event 38/126 6a9ed1b3ab080c8c957fcda5 development
Rate-limit wait 0.1s
200 6a9ed1b3ab080c8c957fcda5_details 381 bytes ["50-in-5min"; r=32; t=107]
Rate-limit wait 0.2s
200 6a9ed1b3ab080c8c957fcda5_standings 23720 bytes ["50-in-5min"; r=31; t=107]
Rate-limit wait 0.2s
200 6a9ed1b3ab080c8c957fcda5_pairings 5596 bytes ["50-in-5min"; r=40; t=285]
Event 39/126 6aa1e900a4272c53be64c5ce development
Rate-limit wait 0.1s
200 6aa1e900a4272c53be64c5ce_details 383 bytes ["50-in-5min"; r=39; t=284]
Rate-limit wait 0.2s
200 6aa1e900a4272c53be64c5ce_standings 68788 bytes ["50-in-5min"; r=30; t=104]
Rate-limit wait 0.2s
200 6aa1e900a4272c53be64c5ce_pairings 19246 bytes ["50-in-5min"; r=38; t=283]
Event 40/126 6aa2a732a4272c53be64cdf1 development
Rate-limit wait 0.3s
200 6aa2a732a4272c53be64cdf1_details 374 bytes ["50-in-5min"; r=37; t=282]
Rate-limit wait 0.2s
200 6aa2a732a4272c53be64cdf1_standings 38809 bytes ["50-in-5min"; r=36; t=281]
Rate-limit wait 0.2s
200 6aa2a732a4272c53be64cdf1_pairings 9490 bytes ["50-in-5min"; r=35; t=281]
Event 41/126 6aa22425a4272c53be64ca36 development
Rate-limit wait 0.1s
200 6aa22425a4272c53be64ca36_details 380 bytes ["50-in-5min"; r=34; t=280]
Rate-limit wait 0.2s
200 6aa22425a4272c53be64ca36_standings 118069 bytes ["50-in-5min"; r=29; t=100]
Rate-limit wait 0.2s
200 6aa22425a4272c53be64ca36_pairings 33770 bytes ["50-in-5min"; r=33; t=279]
Event 42/126 6a9fe0c7ab080c8c957fdde4 development
Rate-limit wait 0.2s
200 6a9fe0c7ab080c8c957fdde4_details 317 bytes ["50-in-5min"; r=32; t=278]
Rate-limit wait 0.2s
200 6a9fe0c7ab080c8c957fdde4_standings 6409 bytes ["50-in-5min"; r=28; t=98]
Rate-limit wait 0.2s
200 6a9fe0c7ab080c8c957fdde4_pairings 1060 bytes ["50-in-5min"; r=31; t=277]
Event 43/126 6a9e12feab080c8c957fc84e development
Rate-limit wait 0.3s
200 6a9e12feab080c8c957fc84e_details 389 bytes ["50-in-5min"; r=30; t=276]
Rate-limit wait 0.3s
200 6a9e12feab080c8c957fc84e_standings 80045 bytes ["50-in-5min"; r=27; t=97]
Rate-limit wait 0.3s
200 6a9e12feab080c8c957fc84e_pairings 18730 bytes ["50-in-5min"; r=26; t=96]
Event 44/126 6a7e2b83cdc0391d7fa65afb development
Rate-limit wait 0.3s
200 6a7e2b83cdc0391d7fa65afb_details 378 bytes ["50-in-5min"; r=25; t=95]
Rate-limit wait 0.1s
200 6a7e2b83cdc0391d7fa65afb_standings 237314 bytes ["50-in-5min"; r=24; t=95]
Rate-limit wait 0.3s
200 6a7e2b83cdc0391d7fa65afb_pairings 71696 bytes ["50-in-5min"; r=23; t=94]
Event 45/126 6aa17ddeab080c8c957ff0fe development
Rate-limit wait 0.2s
200 6aa17ddeab080c8c957ff0fe_details 390 bytes ["50-in-5min"; r=22; t=93]
Rate-limit wait 0.2s
200 6aa17ddeab080c8c957ff0fe_standings 125833 bytes ["50-in-5min"; r=29; t=272]
Rate-limit wait 0.1s
200 6aa17ddeab080c8c957ff0fe_pairings 36969 bytes ["50-in-5min"; r=28; t=271]
Event 46/126 6a989e74a4272c53be6453c4 development
Rate-limit wait 0.2s
200 6a989e74a4272c53be6453c4_details 395 bytes ["50-in-5min"; r=27; t=270]
Rate-limit wait 0.3s
200 6a989e74a4272c53be6453c4_standings 147282 bytes ["50-in-5min"; r=21; t=91]
Rate-limit wait 0.2s
200 6a989e74a4272c53be6453c4_pairings 38548 bytes ["50-in-5min"; r=26; t=269]
Event 47/126 6aa6244c38886b36383be644 development
Rate-limit wait 0.2s
200 6aa6244c38886b36383be644_details 377 bytes ["50-in-5min"; r=25; t=268]
Rate-limit wait 0.2s
200 6aa6244c38886b36383be644_standings 35992 bytes ["50-in-5min"; r=24; t=268]
Rate-limit wait 0.2s
200 6aa6244c38886b36383be644_pairings 7101 bytes ["50-in-5min"; r=23; t=267]
Event 48/126 6aa6942138886b36383be9a3 development
Rate-limit wait 0.2s
200 6aa6942138886b36383be9a3_details 387 bytes ["50-in-5min"; r=22; t=266]
Rate-limit wait 0.3s
200 6aa6942138886b36383be9a3_standings 40438 bytes ["50-in-5min"; r=20; t=87]
Rate-limit wait 0.1s
200 6aa6942138886b36383be9a3_pairings 9526 bytes ["50-in-5min"; r=21; t=265]
Event 49/126 6aa682e4f1243e65f97ffebe development
Rate-limit wait 0.3s
200 6aa682e4f1243e65f97ffebe_details 380 bytes ["50-in-5min"; r=20; t=265]
Rate-limit wait 0.3s
200 6aa682e4f1243e65f97ffebe_standings 90109 bytes ["50-in-5min"; r=19; t=85]
Rate-limit wait 0.3s
200 6aa682e4f1243e65f97ffebe_pairings 23328 bytes ["50-in-5min"; r=19; t=263]
Event 50/126 6aa6eed0f1243e65f9800555 development
Rate-limit wait 0.3s
200 6aa6eed0f1243e65f9800555_details 372 bytes ["50-in-5min"; r=18; t=263]
Rate-limit wait 0.2s
200 6aa6eed0f1243e65f9800555_standings 153791 bytes ["50-in-5min"; r=17; t=262]
Rate-limit wait 0.2s
200 6aa6eed0f1243e65f9800555_pairings 40416 bytes ["50-in-5min"; r=16; t=261]
Event 51/126 6aa6410b38886b36383be710 development
Rate-limit wait 0.3s
200 6aa6410b38886b36383be710_details 398 bytes ["50-in-5min"; r=18; t=82]
Rate-limit wait 0.3s
200 6aa6410b38886b36383be710_standings 123622 bytes ["50-in-5min"; r=15; t=260]
Rate-limit wait 0.1s
200 6aa6410b38886b36383be710_pairings 29754 bytes ["50-in-5min"; r=17; t=80]
Event 52/126 6aa0471eab080c8c957fe27d development
Rate-limit wait 0.1s
200 6aa0471eab080c8c957fe27d_details 391 bytes ["50-in-5min"; r=16; t=80]
Rate-limit wait 0.3s
200 6aa0471eab080c8c957fe27d_standings 153782 bytes ["50-in-5min"; r=15; t=79]
Rate-limit wait 0.2s
200 6aa0471eab080c8c957fe27d_pairings 38411 bytes ["50-in-5min"; r=14; t=77]
Event 53/126 6aa7cd2ff1243e65f9800e0f development
Rate-limit wait 0.3s
200 6aa7cd2ff1243e65f9800e0f_details 393 bytes ["50-in-5min"; r=14; t=255]
Rate-limit wait 0.3s
200 6aa7cd2ff1243e65f9800e0f_standings 85317 bytes ["50-in-5min"; r=13; t=75]
Rate-limit wait 0.2s
200 6aa7cd2ff1243e65f9800e0f_pairings 24878 bytes ["50-in-5min"; r=12; t=74]
Event 54/126 6aa5a7da38886b36383bdfcd development
Rate-limit wait 0.1s
200 6aa5a7da38886b36383bdfcd_details 381 bytes ["50-in-5min"; r=11; t=74]
Rate-limit wait 0.3s
200 6aa5a7da38886b36383bdfcd_standings 18048 bytes ["50-in-5min"; r=10; t=73]
Rate-limit wait 0.2s
200 6aa5a7da38886b36383bdfcd_pairings 3049 bytes ["50-in-5min"; r=9; t=72]
Event 55/126 6aa89ad438886b36383c071a development
Rate-limit wait 0.3s
200 6aa89ad438886b36383c071a_details 395 bytes ["50-in-5min"; r=8; t=72]
Rate-limit wait 0.2s
200 6aa89ad438886b36383c071a_standings 84646 bytes ["50-in-5min"; r=7; t=71]
Rate-limit wait 0.2s
200 6aa89ad438886b36383c071a_pairings 21335 bytes ["50-in-5min"; r=6; t=70]
Event 56/126 6aaad41638886b36383c1ad5 development
Rate-limit wait 0.2s
200 6aaad41638886b36383c1ad5_details 424 bytes ["50-in-5min"; r=5; t=70]
Rate-limit wait 0.2s
200 6aaad41638886b36383c1ad5_standings 29065 bytes ["50-in-5min"; r=4; t=69]
Rate-limit wait 0.2s
200 6aaad41638886b36383c1ad5_pairings 6551 bytes ["50-in-5min"; r=13; t=246]
Event 57/126 6aabc43df1243e65f9803602 development
Rate-limit wait 0.3s
200 6aabc43df1243e65f9803602_details 374 bytes ["50-in-5min"; r=12; t=246]
Rate-limit wait 0.2s
200 6aabc43df1243e65f9803602_standings 31440 bytes ["50-in-5min"; r=11; t=245]
Rate-limit wait 0.2s
200 6aabc43df1243e65f9803602_pairings 7483 bytes ["50-in-5min"; r=3; t=65]
Event 58/126 6aaac3d9f1243e65f9802bad development
Rate-limit wait 0.1s
200 6aaac3d9f1243e65f9802bad_details 343 bytes ["50-in-5min"; r=2; t=65]
Rate-limit wait 0.3s
200 6aaac3d9f1243e65f9802bad_standings 100073 bytes ["50-in-5min"; r=10; t=243]
Rate-limit wait 0.2s
200 6aaac3d9f1243e65f9802bad_pairings 12161 bytes ["50-in-5min"; r=1; t=63]
Event 59/126 6a7e2db92b308b6067b531d2 development
Rate-limit wait 0.2s
200 6a7e2db92b308b6067b531d2_details 376 bytes ["50-in-5min"; r=9; t=241]
Rate-limit wait 0.3s
200 6a7e2db92b308b6067b531d2_standings 96003 bytes ["50-in-5min"; r=8; t=241]
Rate-limit wait 0.2s
200 6a7e2db92b308b6067b531d2_pairings 22121 bytes ["50-in-5min"; r=7; t=240]
Event 60/126 6aac7e78f127b1b52c27ba59 development
Rate-limit wait 0.2s
200 6aac7e78f127b1b52c27ba59_details 403 bytes ["50-in-5min"; r=6; t=239]
Rate-limit wait 0.1s
200 6aac7e78f127b1b52c27ba59_standings 122064 bytes ["50-in-5min"; r=0; t=60]
Rate-limit wait 60.9s
200 6aac7e78f127b1b52c27ba59_pairings 31746 bytes ["50-in-5min"; r=5; t=177]
Event 61/126 6ab04f7fe905c1db6874671c development
Rate-limit wait 0.2s
200 6ab04f7fe905c1db6874671c_details 390 bytes ["50-in-5min"; r=49; t=300]
Rate-limit wait 0.2s
200 6ab04f7fe905c1db6874671c_standings 23199 bytes ["50-in-5min"; r=48; t=300]
Rate-limit wait 0.3s
200 6ab04f7fe905c1db6874671c_pairings 5782 bytes ["50-in-5min"; r=4; t=175]
Event 62/126 6aabc067f1243e65f98035ec development
Rate-limit wait 0.0s
200 6aabc067f1243e65f98035ec_details 385 bytes ["50-in-5min"; r=47; t=298]
Rate-limit wait 0.3s
200 6aabc067f1243e65f98035ec_standings 57254 bytes ["50-in-5min"; r=46; t=298]
Rate-limit wait 0.1s
200 6aabc067f1243e65f98035ec_pairings 13296 bytes ["50-in-5min"; r=3; t=173]
Event 63/126 6ab3aa2de905c1db68748664 development
Rate-limit wait 0.2s
200 6ab3aa2de905c1db68748664_details 389 bytes ["50-in-5min"; r=45; t=296]
Rate-limit wait 0.3s
200 6ab3aa2de905c1db68748664_standings 73641 bytes ["50-in-5min"; r=2; t=172]
Rate-limit wait 0.2s
200 6ab3aa2de905c1db68748664_pairings 18791 bytes ["50-in-5min"; r=1; t=171]
Event 64/126 6a8fd00f7a62de813014022b holdout
Rate-limit wait 0.3s
200 6a8fd00f7a62de813014022b_details 373 bytes ["50-in-5min"; r=44; t=295]
Rate-limit wait 0.2s
200 6a8fd00f7a62de813014022b_standings 6340 bytes ["50-in-5min"; r=43; t=294]
Rate-limit wait 0.3s
200 6a8fd00f7a62de813014022b_pairings 11017 bytes ["50-in-5min"; r=42; t=293]
Event 65/126 6a89c2a78302ae761e5f98c4 holdout
Rate-limit wait 0.2s
200 6a89c2a78302ae761e5f98c4_details 381 bytes ["50-in-5min"; r=41; t=293]
Rate-limit wait 0.3s
200 6a89c2a78302ae761e5f98c4_standings 16569 bytes ["50-in-5min"; r=0; t=168]
Rate-limit wait 168.9s
200 6a89c2a78302ae761e5f98c4_pairings 5734 bytes ["50-in-5min"; r=40; t=123]
Event 66/126 6a87007978baaa6d1c22438b holdout
Rate-limit wait 0.3s
200 6a87007978baaa6d1c22438b_details 384 bytes ["50-in-5min"; r=39; t=122]
Rate-limit wait 0.2s
200 6a87007978baaa6d1c22438b_standings 35891 bytes ["50-in-5min"; r=38; t=121]
Rate-limit wait 0.2s
200 6a87007978baaa6d1c22438b_pairings 48482 bytes ["50-in-5min"; r=37; t=121]
Event 67/126 6a7f939a78baaa6d1c21f6c6 holdout
Rate-limit wait 0.2s
200 6a7f939a78baaa6d1c21f6c6_details 378 bytes ["50-in-5min"; r=49; t=300]
Rate-limit wait 0.2s
200 6a7f939a78baaa6d1c21f6c6_standings 243646 bytes ["50-in-5min"; r=48; t=300]
Rate-limit wait 0.2s
200 6a7f939a78baaa6d1c21f6c6_pairings 71177 bytes ["50-in-5min"; r=47; t=299]
Event 68/126 6a8b2a1c81741245b151cebc holdout
Rate-limit wait 0.2s
200 6a8b2a1c81741245b151cebc_details 307 bytes ["50-in-5min"; r=36; t=118]
Rate-limit wait 0.2s
200 6a8b2a1c81741245b151cebc_standings 8447 bytes ["50-in-5min"; r=46; t=298]
Rate-limit wait 0.2s
200 6a8b2a1c81741245b151cebc_pairings 680 bytes ["50-in-5min"; r=45; t=297]
Event 69/126 6a90ac6a7a62de8130140984 holdout
Rate-limit wait 0.3s
200 6a90ac6a7a62de8130140984_details 384 bytes ["50-in-5min"; r=35; t=116]
Rate-limit wait 0.2s
200 6a90ac6a7a62de8130140984_standings 206877 bytes ["50-in-5min"; r=44; t=296]
Rate-limit wait 0.2s
200 6a90ac6a7a62de8130140984_pairings 50127 bytes ["50-in-5min"; r=43; t=295]
Event 70/126 6a93ad75abb9482237503a65 holdout
Rate-limit wait 0.2s
200 6a93ad75abb9482237503a65_details 381 bytes ["50-in-5min"; r=42; t=294]
Rate-limit wait 0.2s
200 6a93ad75abb9482237503a65_standings 150502 bytes ["50-in-5min"; r=41; t=294]
Rate-limit wait 0.2s
200 6a93ad75abb9482237503a65_pairings 39102 bytes ["50-in-5min"; r=34; t=112]
Event 71/126 6a8e4e250580a332c8420254 holdout
Rate-limit wait 0.2s
200 6a8e4e250580a332c8420254_details 1856 bytes ["50-in-5min"; r=33; t=112]
Rate-limit wait 0.2s
200 6a8e4e250580a332c8420254_standings 25642 bytes ["50-in-5min"; r=40; t=292]
Rate-limit wait 0.2s
200 6a8e4e250580a332c8420254_pairings 6183 bytes ["50-in-5min"; r=32; t=110]
Event 72/126 6a9451c3abb9482237503eab holdout
Rate-limit wait 0.3s
200 6a9451c3abb9482237503eab_details 377 bytes ["50-in-5min"; r=39; t=290]
Rate-limit wait 0.2s
200 6a9451c3abb9482237503eab_standings 93489 bytes ["50-in-5min"; r=38; t=290]
Rate-limit wait 0.1s
200 6a9451c3abb9482237503eab_pairings 23837 bytes ["50-in-5min"; r=31; t=109]
Event 73/126 6a93312fabb94822375035b1 holdout
Rate-limit wait 0.2s
200 6a93312fabb94822375035b1_details 398 bytes ["50-in-5min"; r=30; t=108]
Rate-limit wait 0.3s
200 6a93312fabb94822375035b1_standings 118048 bytes ["50-in-5min"; r=37; t=288]
Rate-limit wait 0.2s
200 6a93312fabb94822375035b1_pairings 28310 bytes ["50-in-5min"; r=29; t=107]
Event 74/126 6a8f4bb80580a332c84208a5 holdout
Rate-limit wait 0.1s
200 6a8f4bb80580a332c84208a5_details 378 bytes ["50-in-5min"; r=28; t=106]
Rate-limit wait 0.3s
200 6a8f4bb80580a332c84208a5_standings 79283 bytes ["50-in-5min"; r=27; t=105]
Rate-limit wait 0.3s
200 6a8f4bb80580a332c84208a5_pairings 20346 bytes ["50-in-5min"; r=36; t=285]
Event 75/126 6a8c6fc581741245b151d898 holdout
Rate-limit wait 0.2s
200 6a8c6fc581741245b151d898_details 389 bytes ["50-in-5min"; r=35; t=285]
Rate-limit wait 0.3s
200 6a8c6fc581741245b151d898_standings 23123 bytes ["50-in-5min"; r=26; t=103]
Rate-limit wait 0.3s
200 6a8c6fc581741245b151d898_pairings 6948 bytes ["50-in-5min"; r=25; t=103]
Event 76/126 6a8f4c5e0580a332c84208a8 holdout
Rate-limit wait 0.2s
200 6a8f4c5e0580a332c84208a8_details 384 bytes ["50-in-5min"; r=24; t=102]
Rate-limit wait 0.3s
200 6a8f4c5e0580a332c84208a8_standings 24888 bytes ["50-in-5min"; r=23; t=102]
Rate-limit wait 0.3s
200 6a8f4c5e0580a332c84208a8_pairings 5470 bytes ["50-in-5min"; r=22; t=101]
Event 77/126 6a970a0eabb94822375058bc holdout
Rate-limit wait 0.3s
200 6a970a0eabb94822375058bc_details 382 bytes ["50-in-5min"; r=34; t=281]
Rate-limit wait 0.2s
200 6a970a0eabb94822375058bc_standings 110558 bytes ["50-in-5min"; r=21; t=100]
Rate-limit wait 0.2s
200 6a970a0eabb94822375058bc_pairings 31496 bytes ["50-in-5min"; r=33; t=280]
Event 78/126 6a975797ab080c8c957f7614 holdout
Rate-limit wait 0.2s
200 6a975797ab080c8c957f7614_details 387 bytes ["50-in-5min"; r=32; t=279]
Rate-limit wait 0.2s
200 6a975797ab080c8c957f7614_standings 87111 bytes ["50-in-5min"; r=20; t=98]
Rate-limit wait 0.3s
200 6a975797ab080c8c957f7614_pairings 22553 bytes ["50-in-5min"; r=19; t=97]
Event 79/126 6a96ba14abb94822375054ef holdout
Rate-limit wait 0.3s
200 6a96ba14abb94822375054ef_details 384 bytes ["50-in-5min"; r=18; t=97]
Rate-limit wait 0.3s
200 6a96ba14abb94822375054ef_standings 38849 bytes ["50-in-5min"; r=31; t=277]
Rate-limit wait 0.2s
200 6a96ba14abb94822375054ef_pairings 10298 bytes ["50-in-5min"; r=17; t=95]
Event 80/126 6a996defa4272c53be6459e3 holdout
Rate-limit wait 0.3s
200 6a996defa4272c53be6459e3_details 375 bytes ["50-in-5min"; r=30; t=275]
Rate-limit wait 0.3s
200 6a996defa4272c53be6459e3_standings 45440 bytes ["50-in-5min"; r=16; t=94]
Rate-limit wait 0.2s
200 6a996defa4272c53be6459e3_pairings 9826 bytes ["50-in-5min"; r=15; t=94]
Event 81/126 6a98ae3aab080c8c957f84ad holdout
Rate-limit wait 0.2s
200 6a98ae3aab080c8c957f84ad_details 398 bytes ["50-in-5min"; r=29; t=273]
Rate-limit wait 0.2s
200 6a98ae3aab080c8c957f84ad_standings 131597 bytes ["50-in-5min"; r=14; t=92]
Rate-limit wait 0.3s
200 6a98ae3aab080c8c957f84ad_pairings 31170 bytes ["50-in-5min"; r=28; t=272]
Event 82/126 6a96b262629039f77d8a73bd holdout
Rate-limit wait 0.2s
200 6a96b262629039f77d8a73bd_details 318 bytes ["50-in-5min"; r=27; t=271]
Rate-limit wait 0.3s
200 6a96b262629039f77d8a73bd_standings 26378 bytes ["50-in-5min"; r=26; t=271]
Rate-limit wait 0.3s
200 6a96b262629039f77d8a73bd_pairings 4057 bytes ["50-in-5min"; r=13; t=90]
Event 83/126 6a94b87aabb9482237504398 holdout
Rate-limit wait 0.3s
200 6a94b87aabb9482237504398_details 389 bytes ["50-in-5min"; r=12; t=89]
Rate-limit wait 0.1s
200 6a94b87aabb9482237504398_standings 139763 bytes ["50-in-5min"; r=25; t=269]
Rate-limit wait 0.2s
200 6a94b87aabb9482237504398_pairings 33400 bytes ["50-in-5min"; r=24; t=268]
Event 84/126 6a9a57f8a4272c53be6466dd holdout
Rate-limit wait 0.1s
200 6a9a57f8a4272c53be6466dd_details 358 bytes ["50-in-5min"; r=11; t=87]
Rate-limit wait 0.2s
200 6a9a57f8a4272c53be6466dd_standings 37231 bytes ["50-in-5min"; r=23; t=267]
Rate-limit wait 0.2s
200 6a9a57f8a4272c53be6466dd_pairings 10213 bytes ["50-in-5min"; r=10; t=85]
Event 85/126 6a7e29c6cdc0391d7fa65af3 holdout
Rate-limit wait 0.3s
200 6a7e29c6cdc0391d7fa65af3_details 379 bytes ["50-in-5min"; r=9; t=85]
Rate-limit wait 0.2s
200 6a7e29c6cdc0391d7fa65af3_standings 279489 bytes ["50-in-5min"; r=8; t=84]
Rate-limit wait 0.3s
200 6a7e29c6cdc0391d7fa65af3_pairings 80489 bytes ["50-in-5min"; r=7; t=84]
Event 86/126 6a99b6a6a4272c53be645ee8 holdout
Rate-limit wait 0.2s
200 6a99b6a6a4272c53be645ee8_details 395 bytes ["50-in-5min"; r=6; t=83]
Rate-limit wait 0.2s
200 6a99b6a6a4272c53be645ee8_standings 3866 bytes ["50-in-5min"; r=22; t=263]
Rate-limit wait 0.3s
200 6a99b6a6a4272c53be645ee8_pairings 7826 bytes ["50-in-5min"; r=21; t=262]
Event 87/126 6a9b859fab080c8c957fa744 holdout
Rate-limit wait 0.2s
200 6a9b859fab080c8c957fa744_details 358 bytes ["50-in-5min"; r=5; t=80]
Rate-limit wait 0.3s
200 6a9b859fab080c8c957fa744_standings 23386 bytes ["50-in-5min"; r=20; t=260]
Rate-limit wait 0.2s
200 6a9b859fab080c8c957fa744_pairings 6027 bytes ["50-in-5min"; r=19; t=259]
Event 88/126 6a98d44ca4272c53be645681 holdout
Rate-limit wait 0.2s
200 6a98d44ca4272c53be645681_details 403 bytes ["50-in-5min"; r=18; t=258]
Rate-limit wait 0.3s
200 6a98d44ca4272c53be645681_standings 140429 bytes ["50-in-5min"; r=4; t=77]
Rate-limit wait 0.2s
200 6a98d44ca4272c53be645681_pairings 34359 bytes ["50-in-5min"; r=17; t=257]
Event 89/126 6a95b87b629039f77d8a6954 holdout
Rate-limit wait 0.2s
200 6a95b87b629039f77d8a6954_details 486 bytes ["50-in-5min"; r=3; t=76]
Rate-limit wait 0.2s
200 6a95b87b629039f77d8a6954_standings 425829 bytes ["50-in-5min"; r=16; t=256]
Rate-limit wait 0.3s
200 6a95b87b629039f77d8a6954_pairings 108044 bytes ["50-in-5min"; r=15; t=255]
Event 90/126 6a9829eca4272c53be644d77 holdout
Rate-limit wait 0.2s
200 6a9829eca4272c53be644d77_details 407 bytes ["50-in-5min"; r=14; t=254]
Rate-limit wait 0.2s
200 6a9829eca4272c53be644d77_standings 57258 bytes ["50-in-5min"; r=2; t=73]
Rate-limit wait 0.3s
200 6a9829eca4272c53be644d77_pairings 14004 bytes ["50-in-5min"; r=1; t=72]
Event 91/126 6a9eb0fca4272c53be649ac8 holdout
Rate-limit wait 0.2s
200 6a9eb0fca4272c53be649ac8_details 389 bytes ["50-in-5min"; r=13; t=252]
Rate-limit wait 0.2s
200 6a9eb0fca4272c53be649ac8_standings 83124 bytes ["50-in-5min"; r=12; t=250]
Rate-limit wait 0.2s
200 6a9eb0fca4272c53be649ac8_pairings 22489 bytes ["50-in-5min"; r=11; t=250]
Event 92/126 6a99f64ca4272c53be6461ee holdout
Rate-limit wait 0.2s
200 6a99f64ca4272c53be6461ee_details 376 bytes ["50-in-5min"; r=10; t=249]
Rate-limit wait 0.2s
200 6a99f64ca4272c53be6461ee_standings 251171 bytes ["50-in-5min"; r=0; t=68]
Rate-limit wait 68.9s
200 6a99f64ca4272c53be6461ee_pairings 76463 bytes ["50-in-5min"; r=9; t=179]
Event 93/126 6a9ef3c4a4272c53be649db8 holdout
Rate-limit wait 0.3s
200 6a9ef3c4a4272c53be649db8_details 394 bytes ["50-in-5min"; r=8; t=178]
Rate-limit wait 0.2s
200 6a9ef3c4a4272c53be649db8_standings 107825 bytes ["50-in-5min"; r=49; t=300]
Rate-limit wait 0.3s
200 6a9ef3c4a4272c53be649db8_pairings 27208 bytes ["50-in-5min"; r=48; t=300]
Event 94/126 6aa00050ab080c8c957fded7 holdout
Rate-limit wait 0.2s
200 6aa00050ab080c8c957fded7_details 375 bytes ["50-in-5min"; r=7; t=176]
Rate-limit wait 0.2s
200 6aa00050ab080c8c957fded7_standings 62938 bytes ["50-in-5min"; r=6; t=176]
Rate-limit wait 0.2s
200 6aa00050ab080c8c957fded7_pairings 13725 bytes ["50-in-5min"; r=5; t=175]
Event 95/126 6aa0602aab080c8c957fe51c holdout
Rate-limit wait 0.3s
200 6aa0602aab080c8c957fe51c_details 384 bytes ["50-in-5min"; r=4; t=174]
Rate-limit wait 0.2s
200 6aa0602aab080c8c957fe51c_standings 92293 bytes ["50-in-5min"; r=3; t=174]
Rate-limit wait 0.2s
200 6aa0602aab080c8c957fe51c_pairings 24782 bytes ["50-in-5min"; r=2; t=173]
Event 96/126 6a9deb7ea4272c53be649474 holdout
Rate-limit wait 0.2s
200 6a9deb7ea4272c53be649474_details 388 bytes ["50-in-5min"; r=1; t=172]
Rate-limit wait 0.1s
200 6a9deb7ea4272c53be649474_standings 101394 bytes ["50-in-5min"; r=47; t=295]
Rate-limit wait 0.3s
200 6a9deb7ea4272c53be649474_pairings 22917 bytes ["50-in-5min"; r=0; t=171]
Event 97/126 6a952d24629039f77d8a6534 holdout
Rate-limit wait 171.9s
200 6a952d24629039f77d8a6534_details 380 bytes ["50-in-5min"; r=46; t=122]
Rate-limit wait 0.3s
200 6a952d24629039f77d8a6534_standings 127164 bytes ["50-in-5min"; r=45; t=121]
Rate-limit wait 0.2s
200 6a952d24629039f77d8a6534_pairings 31787 bytes ["50-in-5min"; r=44; t=120]
Event 98/126 6aa1c5d9a4272c53be64c23c holdout
Rate-limit wait 0.3s
200 6aa1c5d9a4272c53be64c23c_details 385 bytes ["50-in-5min"; r=49; t=300]
Rate-limit wait 0.2s
200 6aa1c5d9a4272c53be64c23c_standings 29366 bytes ["50-in-5min"; r=48; t=300]
Rate-limit wait 0.3s
200 6aa1c5d9a4272c53be64c23c_pairings 6754 bytes ["50-in-5min"; r=47; t=299]
Event 99/126 6a9fe20cab080c8c957fdde8 holdout
Rate-limit wait 0.3s
200 6a9fe20cab080c8c957fdde8_details 391 bytes ["50-in-5min"; r=46; t=298]
Rate-limit wait 0.2s
200 6a9fe20cab080c8c957fdde8_standings 131658 bytes ["50-in-5min"; r=43; t=117]
Rate-limit wait 0.3s
200 6a9fe20cab080c8c957fdde8_pairings 30754 bytes ["50-in-5min"; r=45; t=297]
Event 100/126 6a9f69deab080c8c957fdb77 holdout
Rate-limit wait 0.2s
200 6a9f69deab080c8c957fdb77_details 387 bytes ["50-in-5min"; r=42; t=116]
Rate-limit wait 0.2s
200 6a9f69deab080c8c957fdb77_standings 171119 bytes ["50-in-5min"; r=44; t=296]
Rate-limit wait 0.2s
200 6a9f69deab080c8c957fdb77_pairings 44369 bytes ["50-in-5min"; r=41; t=114]
Event 101/126 6aa0644bab080c8c957fe59c holdout
Rate-limit wait 0.2s
200 6aa0644bab080c8c957fe59c_details 364 bytes ["50-in-5min"; r=43; t=294]
Rate-limit wait 0.1s
200 6aa0644bab080c8c957fe59c_standings 165018 bytes ["50-in-5min"; r=40; t=113]
Rate-limit wait 0.3s
200 6aa0644bab080c8c957fe59c_pairings 43867 bytes ["50-in-5min"; r=42; t=293]
Event 102/126 6aa38978ab080c8c95800d80 holdout
Rate-limit wait 0.2s
200 6aa38978ab080c8c95800d80_details 376 bytes ["50-in-5min"; r=41; t=293]
Rate-limit wait 0.3s
200 6aa38978ab080c8c95800d80_standings 25308 bytes ["50-in-5min"; r=40; t=292]
Rate-limit wait 0.2s
200 6aa38978ab080c8c95800d80_pairings 5382 bytes ["50-in-5min"; r=39; t=291]
Event 103/126 6aa2b675ab080c8c95800125 holdout
Rate-limit wait 0.3s
200 6aa2b675ab080c8c95800125_details 412 bytes ["50-in-5min"; r=38; t=291]
Rate-limit wait 0.2s
200 6aa2b675ab080c8c95800125_standings 116908 bytes ["50-in-5min"; r=37; t=290]
Rate-limit wait 0.2s
200 6aa2b675ab080c8c95800125_pairings 28288 bytes ["50-in-5min"; r=39; t=108]
Event 104/126 6aa17016a4272c53be64bb41 holdout
Rate-limit wait 0.3s
200 6aa17016a4272c53be64bb41_details 316 bytes ["50-in-5min"; r=36; t=289]
Rate-limit wait 0.2s
200 6aa17016a4272c53be64bb41_standings 28427 bytes ["50-in-5min"; r=38; t=107]
Rate-limit wait 0.3s
200 6aa17016a4272c53be64bb41_pairings 3055 bytes ["50-in-5min"; r=37; t=107]
Event 105/126 6aa3fab838886b36383bbf26 holdout
Rate-limit wait 0.2s
200 6aa3fab838886b36383bbf26_details 388 bytes ["50-in-5min"; r=36; t=106]
Rate-limit wait 0.2s
200 6aa3fab838886b36383bbf26_standings 152725 bytes ["50-in-5min"; r=35; t=105]
Rate-limit wait 0.2s
200 6aa3fab838886b36383bbf26_pairings 40956 bytes ["50-in-5min"; r=34; t=105]
Event 106/126 6aa2b9bcab080c8c95800137 holdout
Rate-limit wait 0.2s
200 6aa2b9bcab080c8c95800137_details 400 bytes ["50-in-5min"; r=33; t=104]
Rate-limit wait 0.2s
200 6aa2b9bcab080c8c95800137_standings 129506 bytes ["50-in-5min"; r=35; t=284]
Rate-limit wait 0.2s
200 6aa2b9bcab080c8c95800137_pairings 33054 bytes ["50-in-5min"; r=32; t=102]
Event 107/126 6a9ed44ca4272c53be649bf6 holdout
Rate-limit wait 0.2s
200 6a9ed44ca4272c53be649bf6_details 488 bytes ["50-in-5min"; r=31; t=102]
Rate-limit wait 0.2s
200 6a9ed44ca4272c53be649bf6_standings 383492 bytes ["50-in-5min"; r=34; t=282]
Rate-limit wait 0.2s
200 6a9ed44ca4272c53be649bf6_pairings 99698 bytes ["50-in-5min"; r=33; t=281]
Event 108/126 6a94b42fabb948223750436b holdout
Rate-limit wait 0.2s
200 6a94b42fabb948223750436b_details 369 bytes ["50-in-5min"; r=30; t=100]
Rate-limit wait 0.2s
200 6a94b42fabb948223750436b_standings 15487 bytes ["50-in-5min"; r=32; t=280]
Rate-limit wait 0.2s
200 6a94b42fabb948223750436b_pairings 3243 bytes ["50-in-5min"; r=29; t=98]
Event 109/126 6aa05fa8a4272c53be64b127 holdout
Rate-limit wait 0.2s
200 6aa05fa8a4272c53be64b127_details 413 bytes ["50-in-5min"; r=31; t=279]
Rate-limit wait 0.2s
200 6aa05fa8a4272c53be64b127_standings 89987 bytes ["50-in-5min"; r=28; t=97]
Rate-limit wait 0.2s
200 6aa05fa8a4272c53be64b127_pairings 23457 bytes ["50-in-5min"; r=27; t=96]
Event 110/126 6aa7d7cef1243e65f9800e75 holdout
Rate-limit wait 0.2s
200 6aa7d7cef1243e65f9800e75_details 374 bytes ["50-in-5min"; r=30; t=277]
Rate-limit wait 0.2s
200 6aa7d7cef1243e65f9800e75_standings 77055 bytes ["50-in-5min"; r=26; t=95]
Rate-limit wait 0.2s
200 6aa7d7cef1243e65f9800e75_pairings 20877 bytes ["50-in-5min"; r=25; t=94]
Event 111/126 6aa81acef1243e65f98011a9 holdout
Rate-limit wait 0.1s
200 6aa81acef1243e65f98011a9_details 378 bytes ["50-in-5min"; r=29; t=275]
Rate-limit wait 0.2s
200 6aa81acef1243e65f98011a9_standings 83685 bytes ["50-in-5min"; r=28; t=274]
Rate-limit wait 0.2s
200 6aa81acef1243e65f98011a9_pairings 24327 bytes ["50-in-5min"; r=24; t=93]
Event 112/126 6aa92efcf1243e65f9801fcf holdout
Rate-limit wait 0.1s
200 6aa92efcf1243e65f9801fcf_details 374 bytes ["50-in-5min"; r=27; t=273]
Rate-limit wait 0.2s
200 6aa92efcf1243e65f9801fcf_standings 22804 bytes ["50-in-5min"; r=23; t=91]
Rate-limit wait 0.1s
200 6aa92efcf1243e65f9801fcf_pairings 4845 bytes ["50-in-5min"; r=22; t=90]
Event 113/126 6aaa8945f1243e65f98029e8 holdout
Rate-limit wait 0.1s
200 6aaa8945f1243e65f98029e8_details 374 bytes ["50-in-5min"; r=21; t=90]
Rate-limit wait 0.2s
200 6aaa8945f1243e65f98029e8_standings 19409 bytes ["50-in-5min"; r=26; t=270]
Rate-limit wait 0.2s
200 6aaa8945f1243e65f98029e8_pairings 4124 bytes ["50-in-5min"; r=25; t=269]
Event 114/126 6aab16d1f1243e65f9803089 holdout
Rate-limit wait 0.1s
200 6aab16d1f1243e65f9803089_details 381 bytes ["50-in-5min"; r=24; t=269]
Rate-limit wait 0.2s
200 6aab16d1f1243e65f9803089_standings 26058 bytes ["50-in-5min"; r=20; t=87]
Rate-limit wait 0.3s
200 6aab16d1f1243e65f9803089_pairings 6161 bytes ["50-in-5min"; r=19; t=86]
Event 115/126 6aaa68def1243e65f9802984 holdout
Rate-limit wait 0.1s
200 6aaa68def1243e65f9802984_details 317 bytes ["50-in-5min"; r=23; t=267]
Rate-limit wait 0.2s
200 6aaa68def1243e65f9802984_standings 4128 bytes ["50-in-5min"; r=18; t=85]
Rate-limit wait 0.2s
200 6aaa68def1243e65f9802984_pairings 752 bytes ["50-in-5min"; r=22; t=265]
Event 116/126 6aa84414f1243e65f980140f holdout
Rate-limit wait 0.0s
200 6aa84414f1243e65f980140f_standings 318947 bytes ["50-in-5min"; r=21; t=265]
Rate-limit wait 0.2s
200 6aa84414f1243e65f980140f_pairings 78652 bytes ["50-in-5min"; r=17; t=83]
Event 117/126 6aaed331e905c1db68745953 holdout
Rate-limit wait 0.2s
200 6aaed331e905c1db68745953_details 374 bytes ["50-in-5min"; r=20; t=263]
Rate-limit wait 0.2s
200 6aaed331e905c1db68745953_standings 13451 bytes ["50-in-5min"; r=16; t=82]
Rate-limit wait 0.2s
200 6aaed331e905c1db68745953_pairings 2676 bytes ["50-in-5min"; r=19; t=262]
Event 118/126 6aae8fc6f127b1b52c27ceb5 holdout
Rate-limit wait 0.1s
200 6aae8fc6f127b1b52c27ceb5_details 363 bytes ["50-in-5min"; r=15; t=81]
Rate-limit wait 0.2s
200 6aae8fc6f127b1b52c27ceb5_standings 79236 bytes ["50-in-5min"; r=14; t=80]
Rate-limit wait 0.2s
200 6aae8fc6f127b1b52c27ceb5_pairings 20614 bytes ["50-in-5min"; r=13; t=79]
Event 119/126 6aafba0ae905c1db6874609e holdout
Rate-limit wait 0.2s
200 6aafba0ae905c1db6874609e_details 375 bytes ["50-in-5min"; r=12; t=79]
Rate-limit wait 0.2s
200 6aafba0ae905c1db6874609e_standings 14144 bytes ["50-in-5min"; r=18; t=259]
Rate-limit wait 0.3s
200 6aafba0ae905c1db6874609e_pairings 3866 bytes ["50-in-5min"; r=17; t=258]
Event 120/126 6ab26a9af127b1b52c27f777 holdout
Rate-limit wait 0.2s
200 6ab26a9af127b1b52c27f777_details 374 bytes ["50-in-5min"; r=11; t=77]
Rate-limit wait 0.1s
200 6ab26a9af127b1b52c27f777_standings 15893 bytes ["50-in-5min"; r=10; t=76]
Rate-limit wait 0.2s
200 6ab26a9af127b1b52c27f777_pairings 3677 bytes ["50-in-5min"; r=16; t=256]
Event 121/126 6a7632cfcdc0391d7fa5fb1b holdout
Rate-limit wait 0.1s
200 6a7632cfcdc0391d7fa5fb1b_details 394 bytes ["50-in-5min"; r=9; t=75]
Rate-limit wait 0.2s
200 6a7632cfcdc0391d7fa5fb1b_standings 61430 bytes ["50-in-5min"; r=8; t=74]
Rate-limit wait 0.1s
200 6a7632cfcdc0391d7fa5fb1b_pairings 14966 bytes ["50-in-5min"; r=7; t=73]
Event 122/126 6ab2d594e905c1db68747f7c holdout
Rate-limit wait 0.2s
200 6ab2d594e905c1db68747f7c_details 375 bytes ["50-in-5min"; r=15; t=253]
Rate-limit wait 0.3s
200 6ab2d594e905c1db68747f7c_standings 35531 bytes ["50-in-5min"; r=14; t=253]
Rate-limit wait 0.3s
200 6ab2d594e905c1db68747f7c_pairings 8555 bytes ["50-in-5min"; r=13; t=252]
Event 123/126 6ab421caf127b1b52c2808a2 holdout
Rate-limit wait 0.2s
200 6ab421caf127b1b52c2808a2_details 367 bytes ["50-in-5min"; r=12; t=251]
Rate-limit wait 0.2s
200 6ab421caf127b1b52c2808a2_standings 13948 bytes ["50-in-5min"; r=11; t=251]
Rate-limit wait 0.3s
200 6ab421caf127b1b52c2808a2_pairings 2709 bytes ["50-in-5min"; r=10; t=250]
Event 124/126 6aae8066f127b1b52c27ce16 holdout
Rate-limit wait 0.2s
200 6aae8066f127b1b52c27ce16_details 381 bytes ["50-in-5min"; r=9; t=250]
Rate-limit wait 0.3s
200 6aae8066f127b1b52c27ce16_standings 17133 bytes ["50-in-5min"; r=8; t=249]
Rate-limit wait 0.2s
200 6aae8066f127b1b52c27ce16_pairings 2828 bytes ["50-in-5min"; r=6; t=67]
Event 125/126 6ab4b084f127b1b52c280fbf holdout
Rate-limit wait 0.3s
200 6ab4b084f127b1b52c280fbf_details 375 bytes ["50-in-5min"; r=5; t=67]
Rate-limit wait 0.1s
200 6ab4b084f127b1b52c280fbf_standings 21993 bytes ["50-in-5min"; r=7; t=247]
Rate-limit wait 0.2s
200 6ab4b084f127b1b52c280fbf_pairings 5852 bytes ["50-in-5min"; r=4; t=64]
Event 126/126 6ab1b3b0f127b1b52c27f152 holdout
Rate-limit wait 0.2s
200 6ab1b3b0f127b1b52c27f152_details 393 bytes ["50-in-5min"; r=6; t=245]
Rate-limit wait 0.2s
200 6ab1b3b0f127b1b52c27f152_standings 62616 bytes ["50-in-5min"; r=5; t=244]
Rate-limit wait 0.2s
200 6ab1b3b0f127b1b52c27f152_pairings 14888 bytes ["50-in-5min"; r=4; t=243]
COLLECTION COMPLETE
