Collecting numpy
  Using cached numpy-2.5.3-cp314-cp314-manylinux_2_27_x86_64.manylinux_2_28_x86_64.whl.metadata (6.6 kB)
Collecting scipy
  Downloading scipy-1.18.1-cp314-cp314-manylinux_2_27_x86_64.manylinux_2_28_x86_64.whl.metadata (62 kB)
Collecting pandas
  Downloading pandas-3.0.6-cp314-cp314-manylinux_2_24_x86_64.manylinux_2_28_x86_64.whl.metadata (79 kB)
Collecting statsmodels
  Downloading statsmodels-0.15.0-cp314-cp314-manylinux_2_27_x86_64.manylinux_2_28_x86_64.whl.metadata (9.6 kB)
Collecting requests
  Using cached requests-2.34.2-py3-none-any.whl.metadata (4.8 kB)
Collecting beautifulsoup4
  Downloading beautifulsoup4-4.15.0-py3-none-any.whl.metadata (3.8 kB)
Collecting python-dateutil>=2.8.2 (from pandas)
  Downloading python_dateutil-2.9.0.post0-py2.py3-none-any.whl.metadata (8.4 kB)
Collecting patsy>=0.5.6 (from statsmodels)
  Downloading patsy-1.0.3-py2.py3-none-any.whl.metadata (3.7 kB)
Collecting packaging>=21.3 (from statsmodels)
  Downloading packaging-26.3-py3-none-any.whl.metadata (3.5 kB)
Collecting formulaic>=1.1.0 (from statsmodels)
  Downloading formulaic-1.2.2-py3-none-any.whl.metadata (7.0 kB)
Collecting charset_normalizer<4,>=2 (from requests)
  Using cached charset_normalizer-3.5.1-cp314-cp314-manylinux2014_x86_64.manylinux_2_17_x86_64.manylinux_2_28_x86_64.whl.metadata (45 kB)
Collecting idna<4,>=2.5 (from requests)
  Using cached idna-3.20-py3-none-any.whl.metadata (7.2 kB)
Collecting urllib3<3,>=1.26 (from requests)
  Using cached urllib3-2.8.0-py3-none-any.whl.metadata (7.4 kB)
Collecting certifi>=2023.5.7 (from requests)
  Using cached certifi-2026.7.22-py3-none-any.whl.metadata (2.5 kB)
Collecting soupsieve>=1.6.1 (from beautifulsoup4)
  Downloading soupsieve-2.10-py3-none-any.whl.metadata (4.4 kB)
Collecting typing-extensions>=4.0.0 (from beautifulsoup4)
  Using cached typing_extensions-4.16.0-py3-none-any.whl.metadata (3.3 kB)
Collecting interface-meta>=1.2.0 (from formulaic>=1.1.0->statsmodels)
  Downloading interface_meta-2.0.1-py3-none-any.whl.metadata (6.4 kB)
Collecting narwhals>=1.17 (from formulaic>=1.1.0->statsmodels)
  Downloading narwhals-2.26.0-py3-none-any.whl.metadata (15 kB)
Collecting wrapt>=1.17.0rc1 (from formulaic>=1.1.0->statsmodels)
  Downloading wrapt-2.5.0rc1-cp314-cp314-manylinux1_x86_64.manylinux_2_28_x86_64.manylinux_2_5_x86_64.whl.metadata (7.6 kB)
Collecting six>=1.5 (from python-dateutil>=2.8.2->pandas)
  Downloading six-1.17.0-py2.py3-none-any.whl.metadata (1.7 kB)
Using cached numpy-2.5.3-cp314-cp314-manylinux_2_27_x86_64.manylinux_2_28_x86_64.whl (16.7 MB)
Downloading scipy-1.18.1-cp314-cp314-manylinux_2_27_x86_64.manylinux_2_28_x86_64.whl (35.3 MB)
   ━━━━━━━━━━━━━━━━━━━━━━━━━━━━━━━━━━━━━━━━ 35.3/35.3 MB 18.1 MB/s eta 0:00:00
Downloading pandas-3.0.6-cp314-cp314-manylinux_2_24_x86_64.manylinux_2_28_x86_64.whl (10.8 MB)
   ━━━━━━━━━━━━━━━━━━━━━━━━━━━━━━━━━━━━━━━━ 10.8/10.8 MB 20.4 MB/s eta 0:00:00
Downloading statsmodels-0.15.0-cp314-cp314-manylinux_2_27_x86_64.manylinux_2_28_x86_64.whl (12.1 MB)
   ━━━━━━━━━━━━━━━━━━━━━━━━━━━━━━━━━━━━━━━━ 12.1/12.1 MB 21.2 MB/s eta 0:00:00
Using cached requests-2.34.2-py3-none-any.whl (73 kB)
Using cached charset_normalizer-3.5.1-cp314-cp314-manylinux2014_x86_64.manylinux_2_17_x86_64.manylinux_2_28_x86_64.whl (251 kB)
Using cached idna-3.20-py3-none-any.whl (69 kB)
Using cached urllib3-2.8.0-py3-none-any.whl (135 kB)
Downloading beautifulsoup4-4.15.0-py3-none-any.whl (109 kB)
Using cached certifi-2026.7.22-py3-none-any.whl (136 kB)
Downloading formulaic-1.2.2-py3-none-any.whl (118 kB)
Downloading interface_meta-2.0.1-py3-none-any.whl (15 kB)
Downloading narwhals-2.26.0-py3-none-any.whl (474 kB)
Downloading packaging-26.3-py3-none-any.whl (129 kB)
Downloading patsy-1.0.3-py2.py3-none-any.whl (233 kB)
Downloading python_dateutil-2.9.0.post0-py2.py3-none-any.whl (229 kB)
Downloading six-1.17.0-py2.py3-none-any.whl (11 kB)
Downloading soupsieve-2.10-py3-none-any.whl (38 kB)
Using cached typing_extensions-4.16.0-py3-none-any.whl (45 kB)
Downloading wrapt-2.5.0rc1-cp314-cp314-manylinux1_x86_64.manylinux_2_28_x86_64.manylinux_2_5_x86_64.whl (251 kB)
Installing collected packages: wrapt, urllib3, typing-extensions, soupsieve, six, packaging, numpy, narwhals, interface-meta, idna, charset_normalizer, certifi, scipy, requests, python-dateutil, patsy, beautifulsoup4, pandas, formulaic, statsmodels

Successfully installed beautifulsoup4-4.15.0 certifi-2026.7.22 charset_normalizer-3.5.1 formulaic-1.2.2 idna-3.20 interface-meta-2.0.1 narwhals-2.26.0 numpy-2.5.3 packaging-26.3 pandas-3.0.6 patsy-1.0.3 python-dateutil-2.9.0.post0 requests-2.34.2 scipy-1.18.1 six-1.17.0 soupsieve-2.10 statsmodels-0.15.0 typing-extensions-4.16.0 urllib3-2.8.0 wrapt-2.5.0rc1
