Mega Altaria ex /decks/mega-altaria-ex-b1?game=POCKET&format=standard&set=B4a&combine
Mega Lucario ex /decks/mega-lucario-ex-b3?game=POCKET&format=standard&set=B4a&combine
Mega Blaziken ex /decks/mega-blaziken-ex-b1?game=POCKET&format=standard&set=B4a&combine
Vespiquen ex /decks/vespiquen-ex-b4?game=POCKET&format=standard&set=B4a&combine
Team Rockets Weezing ex /decks/team-rockets-weezing-ex-b4a?game=POCKET&format=standard&set=B4a&combine
Suicune ex /decks/suicune-ex-a4a?game=POCKET&format=standard&set=B4a&combine
Hoopa ex /decks/hoopa-ex-b4?game=POCKET&format=standard&set=B4a&combine
Hydreigon /decks/hydreigon-b1?game=POCKET&format=standard&set=B4a&combine
Team Rockets Raticate ex /decks/team-rockets-raticate-ex-b4a?game=POCKET&format=standard&set=B4a&combine
Mega Manectric ex /decks/mega-manectric-ex-b2b?game=POCKET&format=standard&set=B4a&combine
Mega Sceptile ex /decks/mega-sceptile-ex-b3?game=POCKET&format=standard&set=B4a&combine
Mega Charizard Y ex /decks/mega-charizard-y-ex-b1a?game=POCKET&format=standard&set=B4a&combine
Garchomp /decks/garchomp-b4a?game=POCKET&format=standard&set=B4a&combine
Mega Charizard X ex B2b Mega Charizard Y ex /decks/mega-charizard-x-ex-b2b-mega-charizard-y-ex-b1a?game=POCKET&format=standard&set=B4a&combine
Whimsicott ex /decks/whimsicott-ex-b1?game=POCKET&format=standard&set=B4a&combine
Garchomp /decks/garchomp-a2?game=POCKET&format=standard&set=B4a&combine
Mega Charizard X ex /decks/mega-charizard-x-ex-b2b?game=POCKET&format=standard&set=B4a&combine
Garchomp ex /decks/garchomp-ex-a2a?game=POCKET&format=standard&set=B4a&combine
Charizard ex /decks/charizard-ex-a1?game=POCKET&format=standard&set=B4a&combine
Altaria /decks/altaria-a4a?game=POCKET&format=standard&set=B4a&combine
Charizard ex /decks/charizard-ex-a2b?game=POCKET&format=standard&set=B4a&combine
mega-altaria-ex-b1 Mega Altaria ex - B4a Standard - Matchups | Limitless
Mega Altaria ex Espeon /decks/mega-altaria-ex-b1-espeon-b3a/matchups?game=POCKET&format=standard&set=B4a [(None, None, None), (None, None, None), (None, None, None), (['nowrap'], None, None), (None, None, None)]
Butterfree Mega Sceptile ex /decks/butterfree-b3b-mega-sceptile-ex-b3/matchups?game=POCKET&format=standard&set=B4a [(None, None, None), (None, None, None), (None, None, None), (['nowrap'], None, None), (None, None, None)]
Vespiquen ex Shuckle ex /decks/vespiquen-ex-b4-shuckle-ex-a4/matchups?game=POCKET&format=standard&set=B4a [(None, None, None), (None, None, None), (None, None, None), (['nowrap'], None, None), (None, None, None)]
Mega Altaria ex Greninja /decks/mega-altaria-ex-b1-greninja-a1/matchups?game=POCKET&format=standard&set=B4a [(None, None, None), (None, None, None), (None, None, None), (['nowrap'], None, None), (None, None, None)]
Mega Altaria ex /decks/mega-altaria-ex-b1/matchups?game=POCKET&format=standard&set=B4a [(None, None, None), (None, None, None), (None, None, None), (['nowrap'], None, None), (None, None, None)]
Mega Altaria ex Chingling /decks/mega-altaria-ex-chingling-b1/matchups?game=POCKET&format=standard&set=B4a [(None, None, None), (None, None, None), (None, None, None), (['nowrap'], None, None), (None, None, None)]
Mega Sceptile ex Greninja /decks/mega-sceptile-ex-b3-greninja-a1/matchups?game=POCKET&format=standard&set=B4a [(None, None, None), (None, None, None), (None, None, None), (['nowrap'], None, None), (None, None, None)]
Mega Altaria ex Igglybuff /decks/mega-altaria-ex-b1-igglybuff-a4a/matchups?game=POCKET&format=standard&set=B4a [(None, None, None), (None, None, None), (None, None, None), (['nowrap'], None, None), (None, None, None)]
Mega Altaria ex Gourgeist /decks/mega-altaria-ex-b1-gourgeist-b2/matchups?game=POCKET&format=standard&set=B4a [(None, None, None), (None, None, None), (None, None, None), (['nowrap'], None, None), (None, None, None)]
Mega Altaria ex Happiny /decks/mega-altaria-ex-b1-happiny-b4a/matchups?game=POCKET&format=standard&set=B4a [(None, None, None), (None, None, None), (None, None, None), (['nowrap'], None, None), (None, None, None)]
Mega Sceptile ex /decks/mega-sceptile-ex-b3/matchups?game=POCKET&format=standard&set=B4a [(None, None, None), (None, None, None), (None, None, None), (['nowrap'], None, None), (None, None, None)]
Mega Sceptile ex Teal Mask Ogerpon ex /decks/mega-sceptile-ex-b3-teal-mask-ogerpon-ex-b2/matchups?game=POCKET&format=standard&set=B4a [(None, None, None), (None, None, None), (None, None, None), (['nowrap'], None, None), (None, None, None)]
Mega Altaria ex Magnezone /decks/mega-altaria-ex-b1-magnezone-b1a/matchups?game=POCKET&format=standard&set=B4a [(None, None, None), (None, None, None), (None, None, None), (['nowrap'], None, None), (None, None, None)]
Mega Altaria ex Indeedee ex /decks/mega-altaria-ex-indeedee-ex-b1/matchups?game=POCKET&format=standard&set=B4a [(None, None, None), (None, None, None), (None, None, None), (['nowrap'], None, None), (None, None, None)]
mega-sceptile-ex-b3 Mega Sceptile ex - B4a Standard - Matchups | Limitless
Butterfree Mega Sceptile ex /decks/butterfree-b3b-mega-sceptile-ex-b3/matchups?game=POCKET&format=standard&set=B4a [(None, None, None), (None, None, None), (None, None, None), (['nowrap'], None, None), (None, None, None)]
Vespiquen ex Shuckle ex /decks/vespiquen-ex-b4-shuckle-ex-a4/matchups?game=POCKET&format=standard&set=B4a [(None, None, None), (None, None, None), (None, None, None), (['nowrap'], None, None), (None, None, None)]
Mega Altaria ex Greninja /decks/mega-altaria-ex-b1-greninja-a1/matchups?game=POCKET&format=standard&set=B4a [(None, None, None), (None, None, None), (None, None, None), (['nowrap'], None, None), (None, None, None)]
Mega Altaria ex /decks/mega-altaria-ex-b1/matchups?game=POCKET&format=standard&set=B4a [(None, None, None), (None, None, None), (None, None, None), (['nowrap'], None, None), (None, None, None)]
Mega Altaria ex Espeon /decks/mega-altaria-ex-b1-espeon-b3a/matchups?game=POCKET&format=standard&set=B4a [(None, None, None), (None, None, None), (None, None, None), (['nowrap'], None, None), (None, None, None)]
vespiquen-ex-b4 undefined - B4a Standard - Matchups | Limitless
mega-blaziken-ex-b1 Mega Blaziken ex - B4a Standard - Matchups | Limitless
Mega Altaria ex Espeon /decks/mega-altaria-ex-b1-espeon-b3a/matchups?game=POCKET&format=standard&set=B4a [(None, None, None), (None, None, None), (None, None, None), (['nowrap'], None, None), (None, None, None)]
Vespiquen ex Shuckle ex /decks/vespiquen-ex-b4-shuckle-ex-a4/matchups?game=POCKET&format=standard&set=B4a [(None, None, None), (None, None, None), (None, None, None), (['nowrap'], None, None), (None, None, None)]
Butterfree Mega Sceptile ex /decks/butterfree-b3b-mega-sceptile-ex-b3/matchups?game=POCKET&format=standard&set=B4a [(None, None, None), (None, None, None), (None, None, None), (['nowrap'], None, None), (None, None, None)]
Mega Sceptile ex Greninja /decks/mega-sceptile-ex-b3-greninja-a1/matchups?game=POCKET&format=standard&set=B4a [(None, None, None), (None, None, None), (None, None, None), (['nowrap'], None, None), (None, None, None)]
Mega Altaria ex Greninja /decks/mega-altaria-ex-b1-greninja-a1/matchups?game=POCKET&format=standard&set=B4a [(None, None, None), (None, None, None), (None, None, None), (['nowrap'], None, None), (None, None, None)]
Mega Altaria ex /decks/mega-altaria-ex-b1/matchups?game=POCKET&format=standard&set=B4a [(None, None, None), (None, None, None), (None, None, None), (['nowrap'], None, None), (None, None, None)]
Mega Altaria ex Chingling /decks/mega-altaria-ex-chingling-b1/matchups?game=POCKET&format=standard&set=B4a [(None, None, None), (None, None, None), (None, None, None), (['nowrap'], None, None), (None, None, None)]
Mega Altaria ex Happiny /decks/mega-altaria-ex-b1-happiny-b4a/matchups?game=POCKET&format=standard&set=B4a [(None, None, None), (None, None, None), (None, None, None), (['nowrap'], None, None), (None, None, None)]
Mega Altaria ex Igglybuff /decks/mega-altaria-ex-b1-igglybuff-a4a/matchups?game=POCKET&format=standard&set=B4a [(None, None, None), (None, None, None), (None, None, None), (['nowrap'], None, None), (None, None, None)]
Mega Altaria ex Gourgeist /decks/mega-altaria-ex-b1-gourgeist-b2/matchups?game=POCKET&format=standard&set=B4a [(None, None, None), (None, None, None), (None, None, None), (['nowrap'], None, None), (None, None, None)]
Mega Sceptile ex Sceptile /decks/mega-sceptile-ex-sceptile-b3/matchups?game=POCKET&format=standard&set=B4a [(None, None, None), (None, None, None), (None, None, None), (['nowrap'], None, None), (None, None, None)]
Mega Sceptile ex Teal Mask Ogerpon ex /decks/mega-sceptile-ex-b3-teal-mask-ogerpon-ex-b2/matchups?game=POCKET&format=standard&set=B4a [(None, None, None), (None, None, None), (None, None, None), (['nowrap'], None, None), (None, None, None)]
Mega Sceptile ex Meowscarada ex /decks/mega-sceptile-ex-b3-meowscarada-ex-b2a/matchups?game=POCKET&format=standard&set=B4a [(None, None, None), (None, None, None), (None, None, None), (['nowrap'], None, None), (None, None, None)]
Mega Altaria ex Team Rocket's Raticate ex /decks/mega-altaria-ex-b1-team-rockets-raticate-ex-b4a/matchups?game=POCKET&format=standard&set=B4a [(None, None, None), (None, None, None), (None, None, None), (['nowrap'], None, None), (None, None, None)]
Mega Altaria ex Indeedee ex /decks/mega-altaria-ex-indeedee-ex-b1/matchups?game=POCKET&format=standard&set=B4a [(None, None, None), (None, None, None), (None, None, None), (['nowrap'], None, None), (None, None, None)]
Mega Sceptile ex Shuckle ex /decks/mega-sceptile-ex-b3-shuckle-ex-a4/matchups?game=POCKET&format=standard&set=B4a [(None, None, None), (None, None, None), (None, None, None), (['nowrap'], None, None), (None, None, None)]
Mega Sceptile ex Butterfree /decks/mega-sceptile-ex-b3-butterfree-b3b/matchups?game=POCKET&format=standard&set=B4a [(None, None, None), (None, None, None), (None, None, None), (['nowrap'], None, None), (None, None, None)]
Mega Altaria ex Wynaut /decks/mega-altaria-ex-b1-wynaut-b4/matchups?game=POCKET&format=standard&set=B4a [(None, None, None), (None, None, None), (None, None, None), (['nowrap'], None, None), (None, None, None)]
Mega Altaria ex Bonsly /decks/mega-altaria-ex-b1-bonsly-b3/matchups?game=POCKET&format=standard&set=B4a [(None, None, None), (None, None, None), (None, None, None), (['nowrap'], None, None), (None, None, None)]
Mega Altaria ex Oricorio /decks/mega-altaria-ex-b1-oricorio-b4/matchups?game=POCKET&format=standard&set=B4a [(None, None, None), (None, None, None), (None, None, None), (['nowrap'], None, None), (None, None, None)]
Flutter Mane ex Mega Altaria ex /decks/flutter-mane-ex-b3a-mega-altaria-ex-b1/matchups?game=POCKET&format=standard&set=B4a [(None, None, None), (None, None, None), (None, None, None), (['nowrap'], None, None), (None, None, None)]
Mega Sceptile ex Bonsly /decks/mega-sceptile-ex-bonsly-b3/matchups?game=POCKET&format=standard&set=B4a [(None, None, None), (None, None, None), (None, None, None), (['nowrap'], None, None), (None, None, None)]
Mega Sceptile ex Pheromosa /decks/mega-sceptile-ex-b3-pheromosa-a3a/matchups?game=POCKET&format=standard&set=B4a [(None, None, None), (None, None, None), (None, None, None), (['nowrap'], None, None), (None, None, None)]
