   Compiling libc v0.2.176
   Compiling proc-macro2 v1.0.101
   Compiling unicode-ident v1.0.19
   Compiling quote v1.0.41
   Compiling autocfg v1.5.0
   Compiling cfg-if v1.0.3
   Compiling memchr v2.7.6
   Compiling crossbeam-utils v0.8.21
   Compiling serde_core v1.0.228
   Compiling utf8parse v0.2.2
   Compiling zerocopy v0.8.27
   Compiling regex-syntax v0.8.6
   Compiling serde v1.0.228
   Compiling anstyle-query v1.1.4
   Compiling colorchoice v1.0.4
   Compiling anstyle-parse v0.2.7
   Compiling either v1.15.0
   Compiling serde_json v1.0.145
   Compiling is_terminal_polyfill v1.70.1
   Compiling itoa v1.0.15
   Compiling anstyle v1.0.13
   Compiling rayon-core v1.13.0
   Compiling heck v0.5.0
   Compiling portable-atomic v1.11.1
   Compiling getrandom v0.3.3
   Compiling ryu v1.0.20
   Compiling num-traits v0.2.19
   Compiling indexmap v1.9.3
   Compiling anstream v0.6.20
   Compiling half v2.6.0
   Compiling clap_lex v0.7.5
   Compiling os_str_bytes v6.6.1
   Compiling strsim v0.11.1
   Compiling aho-corasick v1.1.3
   Compiling crossbeam-epoch v0.9.18
   Compiling unicode-width v0.2.2
   Compiling ciborium-io v0.2.2
   Compiling once_cell v1.21.3
   Compiling plotters-backend v0.3.7
   Compiling syn v2.0.106
   Compiling crossbeam-deque v0.8.6
   Compiling hashbrown v0.12.3
   Compiling log v0.4.28
   Compiling plotters-svg v0.3.7
   Compiling ciborium-ll v0.2.2
   Compiling clap_lex v0.2.4
   Compiling clap_builder v4.5.48
   Compiling getrandom v0.2.16
   Compiling console v0.16.1
   Compiling rand_core v0.6.4
   Compiling itertools v0.10.5
   Compiling bitflags v1.3.2
   Compiling textwrap v0.16.2
   Compiling lazy_static v1.5.0
   Compiling hashbrown v0.16.0
   Compiling jiff v0.2.15
   Compiling regex-automata v0.4.11
   Compiling rayon v1.11.0
   Compiling ppv-lite86 v0.2.21
   Compiling equivalent v1.0.2
   Compiling iana-time-zone v0.1.64
   Compiling same-file v1.0.6
   Compiling unit-prefix v0.5.1
   Compiling arrayvec v0.7.6
   Compiling cast v0.3.0
   Compiling rand_chacha v0.3.1
   Compiling indicatif v0.18.2
   Compiling walkdir v2.5.0
   Compiling chrono v0.4.42
   Compiling num-format v0.4.4
   Compiling criterion-plot v0.5.0
   Compiling rand v0.8.5
   Compiling indexmap v2.11.4
   Compiling clap v3.2.25
   Compiling uuid v1.18.1
   Compiling plotters v0.3.7
   Compiling atty v0.2.14
   Compiling humantime v2.3.0
   Compiling regex v1.11.3
   Compiling colored v3.0.0
   Compiling strum v0.27.2
   Compiling serde_derive v1.0.228
   Compiling clap_derive v4.5.47
   Compiling env_filter v0.1.3
   Compiling strum_macros v0.27.2
   Compiling oorandom v11.1.5
   Compiling anes v0.1.6
   Compiling env_logger v0.11.8
   Compiling clap v4.5.48
   Compiling ciborium v0.2.2
   Compiling tinytemplate v1.2.1
   Compiling deckgym v0.1.0-pdl.rules4 (/home/dacz8976/engine-rules-watch-5a18d31/engine)
   Compiling criterion v0.4.0
warning: unused import: `TrainerType`
  --> src/players/value_functions.rs:21:76
   |
21 | use crate::models::{Attack, Card, EnergyType, PlayedCard, StatusCondition, TrainerType, BASIC_STAGE};
   |                                                                            ^^^^^^^^^^^
   |
   = note: `#[warn(unused_imports)]` (part of `#[warn(unused)]`) on by default

warning: variable does not need to be mutable
   --> src/actions/energy_moves.rs:187:9
    |
187 |     let mut take = |pools: &mut Vec<(usize, Vec<EnergyType>)>,
    |         ----^^^^
    |         |
    |         help: remove this `mut`
    |
    = note: `#[warn(unused_mut)]` (part of `#[warn(unused)]`) on by default

warning: associated function `geometric_until_tails` is never used
   --> src/actions/attack_outcome.rs:474:12
    |
298 | impl AttackOutcomes {
    | ------------------- associated function in this implementation
...
474 |     pub fn geometric_until_tails(
    |            ^^^^^^^^^^^^^^^^^^^^^
    |
    = note: `#[warn(dead_code)]` (part of `#[warn(unused)]`) on by default

warning: function `estimated_attack_damage` is never used
    --> src/players/value_functions.rs:2232:4
     |
2232 | fn estimated_attack_damage(attack: &Attack, slot: &PlayedCard, state: &State, player: usize) -> f64 {
     |    ^^^^^^^^^^^^^^^^^^^^^^^

warning: function `best_attack_value` is never used
    --> src/players/value_functions.rs:2528:4
     |
2528 | fn best_attack_value(slot: &PlayedCard, form: &Card, state: &State, player: usize) -> f64 {
     |    ^^^^^^^^^^^^^^^^^

warning: `deckgym` (lib) generated 5 warnings (run `cargo fix --lib -p deckgym` to apply 2 suggestions)
    Finished `release` profile [optimized] target(s) in 3m 14s
