2026-10-02 07:42:23 UTC start; current_engine resolves /mnt/c/Users/dacz8/Projects/Pocket Deck Sim/PocketDeckSim/rl/engine-2026-10-02/deckgym
2f7e5fd6e0ae21fffcb9a4df6e70dc3302e2a372f1fde1eb2bb1aa106747a62e  rl/engine-2026-10-02/deckgym
cecc76fbe51b33276e0e2e787b6eacba41c52ef4eaa36c5a20954caeedc50b66  rl/engine-2026-10-02/goldfish
8e5395e63a14636827260bcb6e8631f02734aec690d9cf334fce606ed20dce0a  decks/screen/floor.py
c3a57b9c835be77ba864514e2636645885c4f22d75028c5f29e2686edcbe171f  decks/screen/opponents/t-altaria.txt
d88a70e56dae8f8500d539348223b5fee5eaba705667578a8fcbca95963fd7ed  decks/screen/opponents/t-blaziken.txt
18688bd9ab09f2638538006590767a5750abe763572c0fb636c47eec93155f3b  decks/screen/opponents/t-hydreigon.txt
76ad71c4d932da51fddc8c3082f184f8012c86e1f1e15c5858e055190560f634  decks/screen/opponents/t-lucario.txt
fe0b7fc4de2f9dff0268a65d30dd39bfd5b73e7e5115b48e59f3975777018cd2  decks/screen/opponents/t-sceptile.txt
639778c3cdc056130278fa13984b1bb1c508226032334d54b7a01a25d3187783  decks/screen/opponents/t-suicune.txt
8356844fd2d143a44c547356ff5a32b74977478fbb1f9fc2a716a7f2233f8255  decks/screen/opponents/t-vespiquen.txt
26cb869fe5f2c7cd79f8b974bf7667f802837bdb6ec9442db5360aef490ce5a1  decks/screen/opponents/t-weezing.txt
3f39092ba6680cc5b8013b961e2f5a0f07bc779816ade7a6891983082b2e7417  decks/brews/drafts_2026-10-01/draft-A-shark-tempo.txt
ed57b178ac286420521325d989d88ff963b1e8b0fcdcd058723d46adb1eb4691  decks/brews/drafts_2026-10-01/draft-B-tide-heal.txt
946462dd9e4ca2a139fcee250cde12af41e93c916feb0775684c0e576f3260eb  decks/brews/drafts_2026-10-01/draft-C-meowstic-hatterene-v2.txt
4821877fa5d202a3470f9b76d424f750d1883fee1516ecbce2a33937c8d49585  decks/brews/drafts_2026-10-01/draft-D-entei-grimhound.txt
git HEAD 9cc666761df5c2598457a41bfa400ce835bd975c
== draft-A-shark-tempo 07:42:24
self-check passed: edges 349/350/418/419 (n 1,920) and 78/79/113/114 (n 480); untrusted rule; Supporter turns
# Floor check: draft-A-shark-tempo

**Verdict: clears the floor.** 950 wins in 1920 games (49.48%) against the 8 lists in decks/screen/opponents. Bar 20% with the screen's own noise ±1.79 points at this n: 349 wins or fewer fail, 350-418 are borderline, 419 or more clear the floor.
Flagged cards (the bot is known not to price them fully): Alolan Ninetales ex as attacker: used on 3598 of 3903 opportunities (92.2%). A share under 25% of at least 20 opportunities is a flag for a person to look at.
Written: /mnt/c/Users/dacz8/Projects/Pocket Deck Sim/PocketDeckSim/rl/results/floor_drafts_2026-10-02/draft-A-shark-tempo.md
== draft-B-tide-heal 07:45:03
self-check passed: edges 349/350/418/419 (n 1,920) and 78/79/113/114 (n 480); untrusted rule; Supporter turns
# Floor check: draft-B-tide-heal

**Verdict: fail.** 236 wins in 1920 games (12.29%) against the 8 lists in decks/screen/opponents. Bar 20% with the screen's own noise ±1.79 points at this n: 349 wins or fewer fail, 350-418 are borderline, 419 or more clear the floor.
Flagged cards (the bot is known not to price them fully): none. A share under 25% of at least 20 opportunities is a flag for a person to look at.
Written: /mnt/c/Users/dacz8/Projects/Pocket Deck Sim/PocketDeckSim/rl/results/floor_drafts_2026-10-02/draft-B-tide-heal.md
== draft-C-meowstic-hatterene-v2 07:47:35
self-check passed: edges 349/350/418/419 (n 1,920) and 78/79/113/114 (n 480); untrusted rule; Supporter turns
# Floor check: draft-C-meowstic-hatterene-v2

**Verdict: borderline.** 366 wins in 1920 games (19.06%) against the 8 lists in decks/screen/opponents. Bar 20% with the screen's own noise ±1.79 points at this n: 349 wins or fewer fail, 350-418 are borderline, 419 or more clear the floor.
Flagged cards (the bot is known not to price them fully): Hatterene as attacker: used on 2302 of 2376 opportunities (96.9%). A share under 25% of at least 20 opportunities is a flag for a person to look at.
Written: /mnt/c/Users/dacz8/Projects/Pocket Deck Sim/PocketDeckSim/rl/results/floor_drafts_2026-10-02/draft-C-meowstic-hatterene-v2.md
== draft-D-entei-grimhound 07:50:26
self-check passed: edges 349/350/418/419 (n 1,920) and 78/79/113/114 (n 480); untrusted rule; Supporter turns
# Floor check: draft-D-entei-grimhound

**Verdict: clears the floor.** 693 wins in 1920 games (36.09%) against the 8 lists in decks/screen/opponents. Bar 20% with the screen's own noise ±1.79 points at this n: 349 wins or fewer fail, 350-418 are borderline, 419 or more clear the floor.
Flagged cards (the bot is known not to price them fully): Victini as attacker: used on 898 of 1070 opportunities (83.9%). A share under 25% of at least 20 opportunities is a flag for a person to look at.
Written: /mnt/c/Users/dacz8/Projects/Pocket Deck Sim/PocketDeckSim/rl/results/floor_drafts_2026-10-02/draft-D-entei-grimhound.md
